Archive member included because of file (symbol)

c:/program files (x86)/gnu tools arm embedded/4.8 2013q4/bin/../lib/gcc/arm-none-eabi/4.8.3/../../../../arm-none-eabi/lib/armv7e-m\libm.a(lib_a-s_cos.o)
                              ..\obj\PololuAHRS.o (cos)
c:/program files (x86)/gnu tools arm embedded/4.8 2013q4/bin/../lib/gcc/arm-none-eabi/4.8.3/../../../../arm-none-eabi/lib/armv7e-m\libm.a(lib_a-s_sin.o)
                              ..\obj\PololuAHRS.o (sin)
c:/program files (x86)/gnu tools arm embedded/4.8 2013q4/bin/../lib/gcc/arm-none-eabi/4.8.3/../../../../arm-none-eabi/lib/armv7e-m\libm.a(lib_a-w_asin.o)
                              ..\obj\PololuAHRS.o (asin)
c:/program files (x86)/gnu tools arm embedded/4.8 2013q4/bin/../lib/gcc/arm-none-eabi/4.8.3/../../../../arm-none-eabi/lib/armv7e-m\libm.a(lib_a-w_atan2.o)
                              ..\obj\PololuAHRS.o (atan2)
c:/program files (x86)/gnu tools arm embedded/4.8 2013q4/bin/../lib/gcc/arm-none-eabi/4.8.3/../../../../arm-none-eabi/lib/armv7e-m\libm.a(lib_a-w_sqrt.o)
                              ..\obj\PololuAHRS.o (sqrt)
c:/program files (x86)/gnu tools arm embedded/4.8 2013q4/bin/../lib/gcc/arm-none-eabi/4.8.3/../../../../arm-none-eabi/lib/armv7e-m\libm.a(lib_a-e_asin.o)
                              c:/program files (x86)/gnu tools arm embedded/4.8 2013q4/bin/../lib/gcc/arm-none-eabi/4.8.3/../../../../arm-none-eabi/lib/armv7e-m\libm.a(lib_a-w_asin.o) (__ieee754_asin)
c:/program files (x86)/gnu tools arm embedded/4.8 2013q4/bin/../lib/gcc/arm-none-eabi/4.8.3/../../../../arm-none-eabi/lib/armv7e-m\libm.a(lib_a-e_atan2.o)
                              c:/program files (x86)/gnu tools arm embedded/4.8 2013q4/bin/../lib/gcc/arm-none-eabi/4.8.3/../../../../arm-none-eabi/lib/armv7e-m\libm.a(lib_a-w_atan2.o) (__ieee754_atan2)
c:/program files (x86)/gnu tools arm embedded/4.8 2013q4/bin/../lib/gcc/arm-none-eabi/4.8.3/../../../../arm-none-eabi/lib/armv7e-m\libm.a(lib_a-e_rem_pio2.o)
                              c:/program files (x86)/gnu tools arm embedded/4.8 2013q4/bin/../lib/gcc/arm-none-eabi/4.8.3/../../../../arm-none-eabi/lib/armv7e-m\libm.a(lib_a-s_cos.o) (__ieee754_rem_pio2)
c:/program files (x86)/gnu tools arm embedded/4.8 2013q4/bin/../lib/gcc/arm-none-eabi/4.8.3/../../../../arm-none-eabi/lib/armv7e-m\libm.a(lib_a-e_sqrt.o)
                              c:/program files (x86)/gnu tools arm embedded/4.8 2013q4/bin/../lib/gcc/arm-none-eabi/4.8.3/../../../../arm-none-eabi/lib/armv7e-m\libm.a(lib_a-w_sqrt.o) (__ieee754_sqrt)
c:/program files (x86)/gnu tools arm embedded/4.8 2013q4/bin/../lib/gcc/arm-none-eabi/4.8.3/../../../../arm-none-eabi/lib/armv7e-m\libm.a(lib_a-k_cos.o)
                              c:/program files (x86)/gnu tools arm embedded/4.8 2013q4/bin/../lib/gcc/arm-none-eabi/4.8.3/../../../../arm-none-eabi/lib/armv7e-m\libm.a(lib_a-s_cos.o) (__kernel_cos)
c:/program files (x86)/gnu tools arm embedded/4.8 2013q4/bin/../lib/gcc/arm-none-eabi/4.8.3/../../../../arm-none-eabi/lib/armv7e-m\libm.a(lib_a-k_rem_pio2.o)
                              c:/program files (x86)/gnu tools arm embedded/4.8 2013q4/bin/../lib/gcc/arm-none-eabi/4.8.3/../../../../arm-none-eabi/lib/armv7e-m\libm.a(lib_a-e_rem_pio2.o) (__kernel_rem_pio2)
c:/program files (x86)/gnu tools arm embedded/4.8 2013q4/bin/../lib/gcc/arm-none-eabi/4.8.3/../../../../arm-none-eabi/lib/armv7e-m\libm.a(lib_a-k_sin.o)
                              c:/program files (x86)/gnu tools arm embedded/4.8 2013q4/bin/../lib/gcc/arm-none-eabi/4.8.3/../../../../arm-none-eabi/lib/armv7e-m\libm.a(lib_a-s_cos.o) (__kernel_sin)
c:/program files (x86)/gnu tools arm embedded/4.8 2013q4/bin/../lib/gcc/arm-none-eabi/4.8.3/../../../../arm-none-eabi/lib/armv7e-m\libm.a(lib_a-s_atan.o)
                              c:/program files (x86)/gnu tools arm embedded/4.8 2013q4/bin/../lib/gcc/arm-none-eabi/4.8.3/../../../../arm-none-eabi/lib/armv7e-m\libm.a(lib_a-e_atan2.o) (atan)
c:/program files (x86)/gnu tools arm embedded/4.8 2013q4/bin/../lib/gcc/arm-none-eabi/4.8.3/../../../../arm-none-eabi/lib/armv7e-m\libm.a(lib_a-s_fabs.o)
                              c:/program files (x86)/gnu tools arm embedded/4.8 2013q4/bin/../lib/gcc/arm-none-eabi/4.8.3/../../../../arm-none-eabi/lib/armv7e-m\libm.a(lib_a-w_asin.o) (fabs)
c:/program files (x86)/gnu tools arm embedded/4.8 2013q4/bin/../lib/gcc/arm-none-eabi/4.8.3/../../../../arm-none-eabi/lib/armv7e-m\libm.a(lib_a-s_floor.o)
                              c:/program files (x86)/gnu tools arm embedded/4.8 2013q4/bin/../lib/gcc/arm-none-eabi/4.8.3/../../../../arm-none-eabi/lib/armv7e-m\libm.a(lib_a-k_rem_pio2.o) (floor)
c:/program files (x86)/gnu tools arm embedded/4.8 2013q4/bin/../lib/gcc/arm-none-eabi/4.8.3/../../../../arm-none-eabi/lib/armv7e-m\libm.a(lib_a-s_fpclassify.o)
[...]
Memory Configuration

Name             Origin             Length             Attributes
rom              0x08000000         0x00100000         xr
ram              0x20000000         0x00020000         xrw
ram1             0x10000000         0x00010000         xrw
*default*        0x00000000         0xffffffff

Linker script and memory map

                0x20020000                _eram = 0x20020000

.text           0x08000000     0xd2a8
 *(.isr_vector)
 .isr_vector    0x08000000      0x188 ..\obj\startup_stm32f4xx.o
                0x08000000                g_pfnVectors
 *(.text*)
 .text.USB_OTG_EnableCommonInt
                0x08000188       0x44 ..\obj\usb_core.o
 .text.USB_OTG_CoreReset
                0x080001cc       0x8c ..\obj\usb_core.o
 .text.USB_OTG_WritePacket
                0x08000258       0x70 ..\obj\usb_core.o
                0x08000258                USB_OTG_WritePacket
 .text.USB_OTG_ReadPacket
                0x080002c8       0x58 ..\obj\usb_core.o
                0x080002c8                USB_OTG_ReadPacket
 .text.USB_OTG_SelectCore
                0x08000320      0x174 ..\obj\usb_core.o
                0x08000320                USB_OTG_SelectCore
 .text.USB_OTG_CoreInit
                0x08000494      0x1dc ..\obj\usb_core.o
                0x08000494                USB_OTG_CoreInit
 .text.USB_OTG_EnableGlobalInt
                0x08000670       0x38 ..\obj\usb_core.o
                0x08000670                USB_OTG_EnableGlobalInt
 .text.USB_OTG_DisableGlobalInt
                0x080006a8       0x38 ..\obj\usb_core.o
                0x080006a8                USB_OTG_DisableGlobalInt
 .text.USB_OTG_FlushTxFifo
                0x080006e0       0x70 ..\obj\usb_core.o
                0x080006e0                USB_OTG_FlushTxFifo
 .text.USB_OTG_FlushRxFifo
                0x08000750       0x5c ..\obj\usb_core.o
                0x08000750                USB_OTG_FlushRxFifo
 .text.USB_OTG_SetCurrentMode
                0x080007ac       0x60 ..\obj\usb_core.o
                0x080007ac                USB_OTG_SetCurrentMode
 .text.USB_OTG_GetMode
                0x0800080c       0x20 ..\obj\usb_core.o
                0x0800080c                USB_OTG_GetMode
 .text.USB_OTG_IsDeviceMode
                0x0800082c       0x24 ..\obj\usb_core.o
                0x0800082c                USB_OTG_IsDeviceMode
 .text.USB_OTG_ReadCoreItr
                0x08000850       0x30 ..\obj\usb_core.o
                0x08000850                USB_OTG_ReadCoreItr
 .text.USB_OTG_InitDevSpeed
                0x08000880       0x38 ..\obj\usb_core.o
                0x08000880                USB_OTG_InitDevSpeed
 .text.USB_OTG_CoreInitDev
                0x080008b8      0x27c ..\obj\usb_core.o
                0x080008b8                USB_OTG_CoreInitDev
 .text.USB_OTG_EnableDevInt
                0x08000b34       0x98 ..\obj\usb_core.o
                0x08000b34                USB_OTG_EnableDevInt
 .text.USB_OTG_GetDeviceSpeed
                0x08000bcc       0x48 ..\obj\usb_core.o
                0x08000bcc                USB_OTG_GetDeviceSpeed
 .text.USB_OTG_EP0Activate
                0x08000c14       0x78 ..\obj\usb_core.o
                0x08000c14                USB_OTG_EP0Activate
 .text.USB_OTG_EPActivate
                0x08000c8c       0xdc ..\obj\usb_core.o
                0x08000c8c                USB_OTG_EPActivate
 .text.USB_OTG_EPDeactivate
                0x08000d68       0x8c ..\obj\usb_core.o
                0x08000d68                USB_OTG_EPDeactivate
 .text.USB_OTG_EPStartXfer
                0x08000df4      0x280 ..\obj\usb_core.o
                0x08000df4                USB_OTG_EPStartXfer
 .text.USB_OTG_EP0StartXfer
                0x08001074      0x1d4 ..\obj\usb_core.o
                0x08001074                USB_OTG_EP0StartXfer
 .text.USB_OTG_EPSetStall
                0x08001248       0x88 ..\obj\usb_core.o
                0x08001248                USB_OTG_EPSetStall
 .text.USB_OTG_EPClearStall
                0x080012d0       0x78 ..\obj\usb_core.o
                0x080012d0                USB_OTG_EPClearStall
 .text.USB_OTG_ReadDevAllOutEp_itr
                0x08001348       0x2c ..\obj\usb_core.o
                0x08001348                USB_OTG_ReadDevAllOutEp_itr
 .text.USB_OTG_ReadDevOutEP_itr
                0x08001374       0x38 ..\obj\usb_core.o
                0x08001374                USB_OTG_ReadDevOutEP_itr
 .text.USB_OTG_ReadDevAllInEPItr
                0x080013ac       0x2c ..\obj\usb_core.o
                0x080013ac                USB_OTG_ReadDevAllInEPItr
 .text.USB_OTG_EP0_OutStart
                0x080013d8       0x70 ..\obj\usb_core.o
                0x080013d8                USB_OTG_EP0_OutStart
 .text.USBD_USR_Init
                0x08001448        0xc ..\obj\usbd_usr.o
                0x08001448                USBD_USR_Init
 .text.USBD_USR_DeviceReset
                0x08001454       0x28 ..\obj\usbd_usr.o
                0x08001454                USBD_USR_DeviceReset
 .text.USBD_USR_DeviceConfigured
                0x0800147c        0xc ..\obj\usbd_usr.o
                0x0800147c                USBD_USR_DeviceConfigured
 .text.USBD_USR_DeviceConnected
                0x08001488        0xc ..\obj\usbd_usr.o
                0x08001488                USBD_USR_DeviceConnected
 .text.USBD_USR_DeviceDisconnected
                0x08001494        0xc ..\obj\usbd_usr.o
                0x08001494                USBD_USR_DeviceDisconnected
 .text.USBD_USR_DeviceSuspended
                0x080014a0        0xc ..\obj\usbd_usr.o
                0x080014a0                USBD_USR_DeviceSuspended
 .text.USBD_USR_DeviceResumed
                0x080014ac        0xc ..\obj\usbd_usr.o
                0x080014ac                USBD_USR_DeviceResumed
 .text.Normalize
                0x080014b8      0x13c ..\obj\PololuAHRS.o
                0x080014b8                Normalize
 *fill*         0x080015f4        0x4 
 .text.Drift_correction
                0x080015f8      0x258 ..\obj\PololuAHRS.o
                0x080015f8                Drift_correction
 .text.Matrix_update
                0x08001850      0x258 ..\obj\PololuAHRS.o
                0x08001850                Matrix_update
 .text.Euler_angles
                0x08001aa8       0xb0 ..\obj\PololuAHRS.o
                0x08001aa8                Euler_angles
 .text.Compass_Heading
                0x08001b58      0x2dc ..\obj\PololuAHRS.o
                0x08001b58                Compass_Heading
 .text.Matrix_Multiply
                0x08001e34      0x118 ..\obj\PololuAHRS.o
                0x08001e34                Matrix_Multiply
 .text.Vector_Dot_Product
                0x08001f4c       0x58 ..\obj\PololuAHRS.o
                0x08001f4c                Vector_Dot_Product
 .text.Vector_Cross_Product
                0x08001fa4       0xc8 ..\obj\PololuAHRS.o
                0x08001fa4                Vector_Cross_Product
 .text.Vector_Scale
                0x0800206c       0x44 ..\obj\PololuAHRS.o
                0x0800206c                Vector_Scale
 .text.Vector_Add
                0x080020b0       0x4c ..\obj\PololuAHRS.o
                0x080020b0                Vector_Add
 .text.Default_Reset_Handler
                0x080020fc       0x5c ..\obj\startup_stm32f4xx.o
                0x080020fc                Default_Reset_Handler
                0x080020fc                Reset_Handler
 .text.Default_Handler
                0x08002158        0x8 ..\obj\startup_stm32f4xx.o
                0x08002158                RTC_Alarm_IRQHandler
                0x08002158                HASH_RNG_IRQHandler
                0x08002158                EXTI2_IRQHandler
                0x08002158                TIM8_CC_IRQHandler
                0x08002158                DebugMon_Handler
                0x08002158                TIM1_CC_IRQHandler
                0x08002158                DMA2_Stream5_IRQHandler
                0x08002158                HardFault_Handler
                0x08002158                DMA1_Stream5_IRQHandler
                0x08002158                PVD_IRQHandler
                0x08002158                SDIO_IRQHandler
                0x08002158                TAMP_STAMP_IRQHandler
                0x08002158                PendSV_Handler
                0x08002158                NMI_Handler
                0x08002158                CAN2_RX1_IRQHandler
                0x08002158                EXTI3_IRQHandler
                0x08002158                TIM8_TRG_COM_TIM14_IRQHandler
                0x08002158                TIM1_UP_TIM10_IRQHandler
                0x08002158                TIM8_UP_TIM13_IRQHandler
                0x08002158                I2C3_ER_IRQHandler
                0x08002158                EXTI0_IRQHandler
                0x08002158                I2C2_EV_IRQHandler
                0x08002158                DMA1_Stream2_IRQHandler
                0x08002158                CAN1_RX0_IRQHandler
                0x08002158                FPU_IRQHandler
                0x08002158                OTG_HS_WKUP_IRQHandler
                0x08002158                UsageFault_Handler
                0x08002158                CAN2_SCE_IRQHandler
                0x08002158                DMA2_Stream2_IRQHandler
                0x08002158                SPI1_IRQHandler
                0x08002158                TIM6_DAC_IRQHandler
                0x08002158                TIM1_BRK_TIM9_IRQHandler
                0x08002158                DCMI_IRQHandler
                0x08002158                CAN2_RX0_IRQHandler
                0x08002158                DMA2_Stream3_IRQHandler
                0x08002158                USART6_IRQHandler
                0x08002158                USART3_IRQHandler
                0x08002158                CRYP_IRQHandler
                0x08002158                CAN1_RX1_IRQHandler
                0x08002158                UART5_IRQHandler
                0x08002158                DMA2_Stream0_IRQHandler
                0x08002158                TIM4_IRQHandler
                0x08002158                I2C1_EV_IRQHandler
                0x08002158                DMA1_Stream6_IRQHandler
                0x08002158                DMA1_Stream1_IRQHandler
                0x08002158                UART4_IRQHandler
                0x08002158                TIM3_IRQHandler
                0x08002158                RCC_IRQHandler
                0x08002158                TIM8_BRK_TIM12_IRQHandler
                0x08002158                EXTI15_10_IRQHandler
                0x08002158                ADC_IRQHandler
                0x08002158                DMA1_Stream7_IRQHandler
                0x08002158                TIM7_IRQHandler
                0x08002158                CAN2_TX_IRQHandler
                0x08002158                TIM5_IRQHandler
                0x08002158                DMA2_Stream7_IRQHandler
                0x08002158                I2C3_EV_IRQHandler
                0x08002158                EXTI9_5_IRQHandler
                0x08002158                RTC_WKUP_IRQHandler
                0x08002158                ETH_WKUP_IRQHandler
                0x08002158                SPI2_IRQHandler
                0x08002158                OTG_HS_EP1_IN_IRQHandler
                0x08002158                MemManage_Handler
                0x08002158                DMA1_Stream0_IRQHandler
                0x08002158                CAN1_TX_IRQHandler
                0x08002158                SVC_Handler
                0x08002158                EXTI4_IRQHandler
                0x08002158                FSMC_IRQHandler
                0x08002158                ETH_IRQHandler
                0x08002158                OTG_HS_EP1_OUT_IRQHandler
                0x08002158                WWDG_IRQHandler
                0x08002158                OTG_FS_WKUP_IRQHandler
                0x08002158                TIM1_TRG_COM_TIM11_IRQHandler
                0x08002158                OTG_HS_IRQHandler
                0x08002158                EXTI1_IRQHandler
                0x08002158                USART2_IRQHandler
                0x08002158                I2C2_ER_IRQHandler
                0x08002158                DMA2_Stream1_IRQHandler
                0x08002158                CAN1_SCE_IRQHandler
                0x08002158                FLASH_IRQHandler
                0x08002158                DMA2_Stream4_IRQHandler
                0x08002158                BusFault_Handler
                0x08002158                USART1_IRQHandler
                0x08002158                SPI3_IRQHandler
                0x08002158                DMA1_Stream4_IRQHandler
                0x08002158                I2C1_ER_IRQHandler
                0x08002158                DMA2_Stream6_IRQHandler
                0x08002158                DMA1_Stream3_IRQHandler
 .text.USBD_Init
                0x08002160       0x54 ..\obj\usbd_core.o
                0x08002160                USBD_Init
 .text.USBD_DeInit
                0x080021b4       0x18 ..\obj\usbd_core.o
                0x080021b4                USBD_DeInit
 .text.USBD_SetupStage
                0x080021cc       0x6c ..\obj\usbd_core.o
 .text.USBD_DataOutStage
                0x08002238       0xd0 ..\obj\usbd_core.o
 .text.USBD_DataInStage
                0x08002308      0x104 ..\obj\usbd_core.o
 .text.USBD_Reset
                0x0800240c       0x44 ..\obj\usbd_core.o
 .text.USBD_Resume
                0x08002450       0x24 ..\obj\usbd_core.o
 .text.USBD_Suspend
                0x08002474       0x24 ..\obj\usbd_core.o
 .text.USBD_SOF
                0x08002498       0x2c ..\obj\usbd_core.o
 .text.USBD_SetCfg
                0x080024c4       0x30 ..\obj\usbd_core.o
                0x080024c4                USBD_SetCfg
 .text.USBD_ClrCfg
                0x080024f4       0x28 ..\obj\usbd_core.o
                0x080024f4                USBD_ClrCfg
 .text.USBD_IsoINIncomplete
                0x0800251c       0x20 ..\obj\usbd_core.o
 .text.USBD_IsoOUTIncomplete
                0x0800253c       0x20 ..\obj\usbd_core.o
 .text.NVIC_SetPriority
                0x0800255c       0x54 ..\obj\main.o
 .text.SysTick_Config
                0x080025b0       0x44 ..\obj\main.o
 .text.SysTick_Handler
                0x080025f4       0xb4 ..\obj\main.o
                0x080025f4                SysTick_Handler
 .text.main     0x080026a8      0x108 ..\obj\main.o
                0x080026a8                main
 .text.printdata
                0x080027b0       0xc8 ..\obj\main.o
                0x080027b0                printdata
 .text.RCC_GetClocksFreq
                0x08002878      0x154 ..\obj\stm32f4xx_rcc.o
                0x08002878                RCC_GetClocksFreq
 .text.RCC_AHB1PeriphClockCmd
                0x080029cc       0x3c ..\obj\stm32f4xx_rcc.o
                0x080029cc                RCC_AHB1PeriphClockCmd
 .text.RCC_AHB2PeriphClockCmd
                0x08002a08       0x3c ..\obj\stm32f4xx_rcc.o
                0x08002a08                RCC_AHB2PeriphClockCmd
 .text.RCC_APB1PeriphClockCmd
                0x08002a44       0x3c ..\obj\stm32f4xx_rcc.o
                0x08002a44                RCC_APB1PeriphClockCmd
 .text.RCC_APB2PeriphClockCmd
                0x08002a80       0x3c ..\obj\stm32f4xx_rcc.o
                0x08002a80                RCC_APB2PeriphClockCmd
 .text.RCC_APB1PeriphResetCmd
                0x08002abc       0x3c ..\obj\stm32f4xx_rcc.o
                0x08002abc                RCC_APB1PeriphResetCmd
 .text.I2C1_init
                0x08002af8       0x8c ..\obj\minIMU.o
                0x08002af8                I2C1_init
 .text.I2C_start
                0x08002b84       0x88 ..\obj\minIMU.o
                0x08002b84                I2C_start
 .text.I2C_write
                0x08002c0c       0x30 ..\obj\minIMU.o
                0x08002c0c                I2C_write
 .text.I2C_read_ack
                0x08002c3c       0x38 ..\obj\minIMU.o
                0x08002c3c                I2C_read_ack
 .text.I2C_read_nack
                0x08002c74       0x40 ..\obj\minIMU.o
                0x08002c74                I2C_read_nack
 .text.I2C_stop
                0x08002cb4       0x18 ..\obj\minIMU.o
                0x08002cb4                I2C_stop
 .text.Read_Gyro
                0x08002ccc      0x128 ..\obj\minIMU.o
                0x08002ccc                Read_Gyro
 .text.Read_Accel
                0x08002df4      0x13c ..\obj\minIMU.o
                0x08002df4                Read_Accel
 .text.Read_Compass
                0x08002f30       0xec ..\obj\minIMU.o
                0x08002f30                Read_Compass
 .text.configInit
                0x0800301c      0x13c ..\obj\minIMU.o
                0x0800301c                configInit
 .text.OTG_FS_IRQHandler
                0x08003158       0x10 ..\obj\minIMU.o
                0x08003158                OTG_FS_IRQHandler
 .text.USBD_USR_DeviceDescriptor
                0x08003168       0x24 ..\obj\usbd_desc.o
                0x08003168                USBD_USR_DeviceDescriptor
 .text.USBD_USR_LangIDStrDescriptor
                0x0800318c       0x24 ..\obj\usbd_desc.o
                0x0800318c                USBD_USR_LangIDStrDescriptor
 .text.USBD_USR_ProductStrDescriptor
                0x080031b0       0x40 ..\obj\usbd_desc.o
                0x080031b0                USBD_USR_ProductStrDescriptor
 .text.USBD_USR_ManufacturerStrDescriptor
                0x080031f0       0x28 ..\obj\usbd_desc.o
                0x080031f0                USBD_USR_ManufacturerStrDescriptor
 .text.USBD_USR_SerialStrDescriptor
                0x08003218       0x40 ..\obj\usbd_desc.o
                0x08003218                USBD_USR_SerialStrDescriptor
 .text.USBD_USR_ConfigStrDescriptor
                0x08003258       0x3c ..\obj\usbd_desc.o
                0x08003258                USBD_USR_ConfigStrDescriptor
 .text.USBD_USR_InterfaceStrDescriptor
                0x08003294       0x3c ..\obj\usbd_desc.o
                0x08003294                USBD_USR_InterfaceStrDescriptor
 .text.GPIO_Init
                0x080032d0      0x11c ..\obj\stm32f4xx_gpio.o
                0x080032d0                GPIO_Init
 .text.GPIO_PinAFConfig
                0x080033ec       0x8c ..\obj\stm32f4xx_gpio.o
                0x080033ec                GPIO_PinAFConfig
 .text.VCP_Init
                0x08003478       0x10 ..\obj\usbd_cdc_vcp.o
 .text.VCP_DeInit
                0x08003488       0x10 ..\obj\usbd_cdc_vcp.o
 .text.VCP_Ctrl
                0x08003498      0x110 ..\obj\usbd_cdc_vcp.o
 .text.VCP_send_str
                0x080035a8       0x30 ..\obj\usbd_cdc_vcp.o
                0x080035a8                VCP_send_str
 .text.VCP_DataTx
                0x080035d8       0x60 ..\obj\usbd_cdc_vcp.o
 .text.VCP_DataRx
                0x08003638       0x70 ..\obj\usbd_cdc_vcp.o
 .text.VCP_get_char
                0x080036a8       0x58 ..\obj\usbd_cdc_vcp.o
                0x080036a8                VCP_get_char
 .text.SystemInit
                0x08003700       0x58 ..\obj\system_stm32f4xx.o
                0x08003700                SystemInit
 .text.SystemCoreClockUpdate
                0x08003758       0xf8 ..\obj\system_stm32f4xx.o
                0x08003758                SystemCoreClockUpdate
 .text.SetSysClock
                0x08003850       0xf4 ..\obj\system_stm32f4xx.o
 .text._sbrk    0x08003944       0x40 ..\obj\syscalls.o
                0x08003944                _sbrk
 .text.USB_OTG_BSP_Init
                0x08003984       0xb0 ..\obj\usb_bsp.o
                0x08003984                USB_OTG_BSP_Init
 .text.USB_OTG_BSP_EnableInterrupt
                0x08003a34       0x30 ..\obj\usb_bsp.o
                0x08003a34                USB_OTG_BSP_EnableInterrupt
 .text.USB_OTG_BSP_uDelay
                0x08003a64       0x48 ..\obj\usb_bsp.o
                0x08003a64                USB_OTG_BSP_uDelay
 .text.USB_OTG_BSP_mDelay
                0x08003aac       0x20 ..\obj\usb_bsp.o
                0x08003aac                USB_OTG_BSP_mDelay
 .text.USBD_StdDevReq
                0x08003acc       0xa0 ..\obj\usbd_req.o
                0x08003acc                USBD_StdDevReq
 .text.USBD_StdItfReq
                0x08003b6c       0x68 ..\obj\usbd_req.o
                0x08003b6c                USBD_StdItfReq
 .text.USBD_StdEPReq
                0x08003bd4      0x1b0 ..\obj\usbd_req.o
                0x08003bd4                USBD_StdEPReq
 .text.USBD_GetDescriptor
                0x08003d84      0x1b8 ..\obj\usbd_req.o
 .text.USBD_SetAddress
                0x08003f3c       0x7c ..\obj\usbd_req.o
 .text.USBD_SetConfig
                0x08003fb8       0xf4 ..\obj\usbd_req.o
 .text.USBD_GetConfig
                0x080040ac       0x60 ..\obj\usbd_req.o
 .text.USBD_GetStatus
                0x0800410c       0x50 ..\obj\usbd_req.o
 .text.USBD_SetFeature
                0x0800415c       0xcc ..\obj\usbd_req.o
 .text.USBD_ClrFeature
                0x08004228       0x50 ..\obj\usbd_req.o
 .text.USBD_ParseSetupRequest
                0x08004278       0x8c ..\obj\usbd_req.o
                0x08004278                USBD_ParseSetupRequest
 .text.USBD_CtlError
                0x08004304       0x48 ..\obj\usbd_req.o
                0x08004304                USBD_CtlError
 .text.USBD_GetString
                0x0800434c       0x7c ..\obj\usbd_req.o
                0x0800434c                USBD_GetString
 .text.USBD_GetLen
                0x080043c8       0x30 ..\obj\usbd_req.o
 .text.USBD_OTG_ISR_Handler
                0x080043f8      0x15c ..\obj\usb_dcd_int.o
                0x080043f8                USBD_OTG_ISR_Handler
 .text.DCD_HandleResume_ISR
                0x08004554       0x80 ..\obj\usb_dcd_int.o
 .text.DCD_HandleUSBSuspend_ISR
                0x080045d4       0x9c ..\obj\usb_dcd_int.o
 .text.DCD_HandleInEP_ISR
                0x08004670      0x1ec ..\obj\usb_dcd_int.o
 .text.DCD_HandleOutEP_ISR
                0x0800485c      0x178 ..\obj\usb_dcd_int.o
 .text.DCD_HandleSof_ISR
                0x080049d4       0x34 ..\obj\usb_dcd_int.o
 .text.DCD_HandleRxStatusQueueLevel_ISR
                0x08004a08      0x104 ..\obj\usb_dcd_int.o
 .text.DCD_WriteEmptyTxFifo
                0x08004b0c       0xe4 ..\obj\usb_dcd_int.o
 .text.DCD_HandleUsbReset_ISR
                0x08004bf0      0x144 ..\obj\usb_dcd_int.o
 .text.DCD_HandleEnumDone_ISR
                0x08004d34       0x78 ..\obj\usb_dcd_int.o
 .text.DCD_IsoINIncomplete_ISR
                0x08004dac       0x34 ..\obj\usb_dcd_int.o
 .text.DCD_IsoOUTIncomplete_ISR
                0x08004de0       0x34 ..\obj\usb_dcd_int.o
 .text.DCD_ReadDevInEP
                0x08004e14       0x50 ..\obj\usb_dcd_int.o
 .text.usbd_cdc_Init
                0x08004e64       0x88 ..\obj\usbd_cdc_core.o
 .text.usbd_cdc_DeInit
                0x08004eec       0x38 ..\obj\usbd_cdc_core.o
 .text.usbd_cdc_Setup
                0x08004f24      0x120 ..\obj\usbd_cdc_core.o
 .text.usbd_cdc_EP0_RxReady
                0x08005044       0x44 ..\obj\usbd_cdc_core.o
 .text.usbd_cdc_DataIn
                0x08005088       0xc0 ..\obj\usbd_cdc_core.o
 .text.usbd_cdc_DataOut
                0x08005148       0x54 ..\obj\usbd_cdc_core.o
 .text.usbd_cdc_SOF
                0x0800519c       0x30 ..\obj\usbd_cdc_core.o
 .text.Handle_USBAsynchXfer
                0x080051cc      0x100 ..\obj\usbd_cdc_core.o
 .text.USBD_cdc_GetCfgDesc
                0x080052cc       0x24 ..\obj\usbd_cdc_core.o
 .text.init_millis_micros
                0x080052f0       0x60 ..\obj\millis_micros.o
                0x080052f0                init_millis_micros
 .text.TIM2_IRQHandler
                0x08005350       0x20 ..\obj\millis_micros.o
                0x08005350                TIM2_IRQHandler
 .text.millis   0x08005370       0x18 ..\obj\millis_micros.o
                0x08005370                millis
 .text.delay    0x08005388       0x2c ..\obj\millis_micros.o
                0x08005388                delay
 .text.I2C_Init
                0x080053b4      0x184 ..\obj\stm32f4xx_i2c.o
                0x080053b4                I2C_Init
 .text.I2C_Cmd  0x08005538       0x40 ..\obj\stm32f4xx_i2c.o
                0x08005538                I2C_Cmd
 .text.I2C_GenerateSTART
                0x08005578       0x40 ..\obj\stm32f4xx_i2c.o
                0x08005578                I2C_GenerateSTART
 .text.I2C_GenerateSTOP
                0x080055b8       0x40 ..\obj\stm32f4xx_i2c.o
                0x080055b8                I2C_GenerateSTOP
 .text.I2C_Send7bitAddress
                0x080055f8       0x3c ..\obj\stm32f4xx_i2c.o
                0x080055f8                I2C_Send7bitAddress
 .text.I2C_AcknowledgeConfig
                0x08005634       0x40 ..\obj\stm32f4xx_i2c.o
                0x08005634                I2C_AcknowledgeConfig
 .text.I2C_SendData
                0x08005674       0x20 ..\obj\stm32f4xx_i2c.o
                0x08005674                I2C_SendData
 .text.I2C_ReceiveData
                0x08005694       0x1c ..\obj\stm32f4xx_i2c.o
                0x08005694                I2C_ReceiveData
 .text.I2C_CheckEvent
                0x080056b0       0x60 ..\obj\stm32f4xx_i2c.o
                0x080056b0                I2C_CheckEvent
 .text.I2C_GetFlagStatus
                0x08005710       0x68 ..\obj\stm32f4xx_i2c.o
                0x08005710                I2C_GetFlagStatus
 .text.EXTI_ClearITPendingBit
                0x08005778       0x1c ..\obj\stm32f4xx_exti.o
                0x08005778                EXTI_ClearITPendingBit
 .text.NVIC_PriorityGroupConfig
                0x08005794       0x24 ..\obj\misc.o
                0x08005794                NVIC_PriorityGroupConfig
 .text.NVIC_Init
                0x080057b8       0xbc ..\obj\misc.o
                0x080057b8                NVIC_Init
 .text.DCD_Init
                0x08005874      0x100 ..\obj\usb_dcd.o
                0x08005874                DCD_Init
 .text.DCD_EP_Open
                0x08005974       0x9c ..\obj\usb_dcd.o
                0x08005974                DCD_EP_Open
 .text.DCD_EP_Close
                0x08005a10       0x70 ..\obj\usb_dcd.o
                0x08005a10                DCD_EP_Close
 .text.DCD_EP_PrepareRx
                0x08005a80       0x80 ..\obj\usb_dcd.o
                0x08005a80                DCD_EP_PrepareRx
 .text.DCD_EP_Tx
                0x08005b00       0x78 ..\obj\usb_dcd.o
                0x08005b00                DCD_EP_Tx
 .text.DCD_EP_Stall
                0x08005b78       0x74 ..\obj\usb_dcd.o
                0x08005b78                DCD_EP_Stall
 .text.DCD_EP_ClrStall
                0x08005bec       0x74 ..\obj\usb_dcd.o
                0x08005bec                DCD_EP_ClrStall
 .text.DCD_EP_SetAddress
                0x08005c60       0x3c ..\obj\usb_dcd.o
                0x08005c60                DCD_EP_SetAddress
 .text.USBD_CtlSendData
                0x08005c9c       0x40 ..\obj\usbd_ioreq.o
                0x08005c9c                USBD_CtlSendData
 .text.USBD_CtlContinueSendData
                0x08005cdc       0x28 ..\obj\usbd_ioreq.o
                0x08005cdc                USBD_CtlContinueSendData
 .text.USBD_CtlPrepareRx
                0x08005d04       0x40 ..\obj\usbd_ioreq.o
                0x08005d04                USBD_CtlPrepareRx
 .text.USBD_CtlContinueRx
                0x08005d44       0x28 ..\obj\usbd_ioreq.o
                0x08005d44                USBD_CtlContinueRx
 .text.USBD_CtlSendStatus
                0x08005d6c       0x30 ..\obj\usbd_ioreq.o
                0x08005d6c                USBD_CtlSendStatus
 .text.USBD_CtlReceiveStatus
                0x08005d9c       0x30 ..\obj\usbd_ioreq.o
                0x08005d9c                USBD_CtlReceiveStatus
 .text.TIM_TimeBaseInit
                0x08005dcc       0xd4 ..\obj\stm32f4xx_tim.o
                0x08005dcc                TIM_TimeBaseInit
 .text.TIM_Cmd  0x08005ea0       0x40 ..\obj\stm32f4xx_tim.o
                0x08005ea0                TIM_Cmd
 .text.TIM_ITConfig
                0x08005ee0       0x48 ..\obj\stm32f4xx_tim.o
                0x08005ee0                TIM_ITConfig
 .text.TIM_ClearITPendingBit
                0x08005f28       0x20 ..\obj\stm32f4xx_tim.o
                0x08005f28                TIM_ClearITPendingBit
 .text.cos      0x08005f48       0x74 c:/program files (x86)/gnu tools arm embedded/4.8 2013q4/bin/../lib/gcc/arm-none-eabi/4.8.3/../../../../arm-none-eabi/lib/armv7e-m\libm.a(lib_a-s_cos.o)
                0x08005f48                cos
 .text.sin      0x08005fbc       0x94 c:/program files (x86)/gnu tools arm embedded/4.8 2013q4/bin/../lib/gcc/arm-none-eabi/4.8.3/../../../../arm-none-eabi/lib/armv7e-m\libm.a(lib_a-s_sin.o)
                0x08005fbc                sin
 .text.asin     0x08006050       0xa8 c:/program files (x86)/gnu tools arm embedded/4.8 2013q4/bin/../lib/gcc/arm-none-eabi/4.8.3/../../../../arm-none-eabi/lib/armv7e-m\libm.a(lib_a-w_asin.o)
                0x08006050                asin
 .text.atan2    0x080060f8        0x4 c:/program files (x86)/gnu tools arm embedded/4.8 2013q4/bin/../lib/gcc/arm-none-eabi/4.8.3/../../../../arm-none-eabi/lib/armv7e-m\libm.a(lib_a-w_atan2.o)
                0x080060f8                atan2
 .text.sqrt     0x080060fc       0xac c:/program files (x86)/gnu tools arm embedded/4.8 2013q4/bin/../lib/gcc/arm-none-eabi/4.8.3/../../../../arm-none-eabi/lib/armv7e-m\libm.a(lib_a-w_sqrt.o)
                0x080060fc                sqrt
 .text.__ieee754_asin
                0x080061a8      0x470 c:/program files (x86)/gnu tools arm embedded/4.8 2013q4/bin/../lib/gcc/arm-none-eabi/4.8.3/../../../../arm-none-eabi/lib/armv7e-m\libm.a(lib_a-e_asin.o)
                0x080061a8                __ieee754_asin
 .text.__ieee754_atan2
                0x08006618      0x1f0 c:/program files (x86)/gnu tools arm embedded/4.8 2013q4/bin/../lib/gcc/arm-none-eabi/4.8.3/../../../../arm-none-eabi/lib/armv7e-m\libm.a(lib_a-e_atan2.o)
                0x08006618                __ieee754_atan2
 .text.__ieee754_rem_pio2
                0x08006808      0x440 c:/program files (x86)/gnu tools arm embedded/4.8 2013q4/bin/../lib/gcc/arm-none-eabi/4.8.3/../../../../arm-none-eabi/lib/armv7e-m\libm.a(lib_a-e_rem_pio2.o)
                0x08006808                __ieee754_rem_pio2
 .text.__ieee754_sqrt
                0x08006c48      0x180 c:/program files (x86)/gnu tools arm embedded/4.8 2013q4/bin/../lib/gcc/arm-none-eabi/4.8.3/../../../../arm-none-eabi/lib/armv7e-m\libm.a(lib_a-e_sqrt.o)
                0x08006c48                __ieee754_sqrt
 .text.__kernel_cos
                0x08006dc8      0x250 c:/program files (x86)/gnu tools arm embedded/4.8 2013q4/bin/../lib/gcc/arm-none-eabi/4.8.3/../../../../arm-none-eabi/lib/armv7e-m\libm.a(lib_a-k_cos.o)
                0x08006dc8                __kernel_cos
 .text.__kernel_rem_pio2
                0x08007018      0x7b0 c:/program files (x86)/gnu tools arm embedded/4.8 2013q4/bin/../lib/gcc/arm-none-eabi/4.8.3/../../../../arm-none-eabi/lib/armv7e-m\libm.a(lib_a-k_rem_pio2.o)
                0x08007018                __kernel_rem_pio2
 .text.__kernel_sin
                0x080077c8      0x170 c:/program files (x86)/gnu tools arm embedded/4.8 2013q4/bin/../lib/gcc/arm-none-eabi/4.8.3/../../../../arm-none-eabi/lib/armv7e-m\libm.a(lib_a-k_sin.o)
                0x080077c8                __kernel_sin
 .text.atan     0x08007938      0x350 c:/program files (x86)/gnu tools arm embedded/4.8 2013q4/bin/../lib/gcc/arm-none-eabi/4.8.3/../../../../arm-none-eabi/lib/armv7e-m\libm.a(lib_a-s_atan.o)
                0x08007938                atan
 .text.fabs     0x08007c88        0x8 c:/program files (x86)/gnu tools arm embedded/4.8 2013q4/bin/../lib/gcc/arm-none-eabi/4.8.3/../../../../arm-none-eabi/lib/armv7e-m\libm.a(lib_a-s_fabs.o)
                0x08007c88                fabs
 .text.floor    0x08007c90      0x120 c:/program files (x86)/gnu tools arm embedded/4.8 2013q4/bin/../lib/gcc/arm-none-eabi/4.8.3/../../../../arm-none-eabi/lib/armv7e-m\libm.a(lib_a-s_floor.o)
                0x08007c90                floor
 .text.__fpclassifyd
                0x08007db0       0x50 c:/program files (x86)/gnu tools arm embedded/4.8 2013q4/bin/../lib/gcc/arm-none-eabi/4.8.3/../../../../arm-none-eabi/lib/armv7e-m\libm.a(lib_a-s_fpclassify.o)
                0x08007db0                __fpclassifyd
 .text.matherr  0x08007e00        0x4 c:/program files (x86)/gnu tools arm embedded/4.8 2013q4/bin/../lib/gcc/arm-none-eabi/4.8.3/../../../../arm-none-eabi/lib/armv7e-m\libm.a(lib_a-s_matherr.o)
                0x08007e00                matherr
 .text.nan      0x08007e04        0xc c:/program files (x86)/gnu tools arm embedded/4.8 2013q4/bin/../lib/gcc/arm-none-eabi/4.8.3/../../../../arm-none-eabi/lib/armv7e-m\libm.a(lib_a-s_nan.o)
                0x08007e04                nan
 .text.scalbn   0x08007e10      0x118 c:/program files (x86)/gnu tools arm embedded/4.8 2013q4/bin/../lib/gcc/arm-none-eabi/4.8.3/../../../../arm-none-eabi/lib/armv7e-m\libm.a(lib_a-s_scalbn.o)
                0x08007e10                scalbn
 .text.copysign
                0x08007f28       0x14 c:/program files (x86)/gnu tools arm embedded/4.8 2013q4/bin/../lib/gcc/arm-none-eabi/4.8.3/../../../../arm-none-eabi/lib/armv7e-m\libm.a(lib_a-s_copysign.o)
                0x08007f28                copysign
 .text          0x08007f3c      0x370 c:/program files (x86)/gnu tools arm embedded/4.8 2013q4/bin/../lib/gcc/arm-none-eabi/4.8.3/armv7e-m\libgcc.a(_arm_addsubdf3.o)
                0x08007f3c                __aeabi_drsub
                0x08007f44                __aeabi_dsub
                0x08007f44                __subdf3
                0x08007f48                __aeabi_dadd
                0x08007f48                __adddf3
                0x080081c0                __floatunsidf
                0x080081c0                __aeabi_ui2d
                0x080081e0                __floatsidf
                0x080081e0                __aeabi_i2d
                0x08008204                __aeabi_f2d
                0x08008204                __extendsfdf2
                0x08008240                __floatundidf
                0x08008240                __aeabi_ul2d
                0x08008250                __floatdidf
                0x08008250                __aeabi_l2d
 .text          0x080082ac      0x424 c:/program files (x86)/gnu tools arm embedded/4.8 2013q4/bin/../lib/gcc/arm-none-eabi/4.8.3/armv7e-m\libgcc.a(_arm_muldivdf3.o)
                0x080082ac                __aeabi_dmul
                0x080082ac                __muldf3
                0x08008500                __divdf3
                0x08008500                __aeabi_ddiv
 .text          0x080086d0      0x110 c:/program files (x86)/gnu tools arm embedded/4.8 2013q4/bin/../lib/gcc/arm-none-eabi/4.8.3/armv7e-m\libgcc.a(_arm_cmpdf2.o)
                0x080086d0                __gtdf2
                0x080086d0                __gedf2
                0x080086d8                __ltdf2
                0x080086d8                __ledf2
                0x080086e0                __nedf2
                0x080086e0                __eqdf2
                0x080086e0                __cmpdf2
                0x0800875c                __aeabi_cdrcmple
                0x0800876c                __aeabi_cdcmpeq
                0x0800876c                __aeabi_cdcmple
                0x0800877c                __aeabi_dcmpeq
                0x08008790                __aeabi_dcmplt
                0x080087a4                __aeabi_dcmple
                0x080087b8                __aeabi_dcmpge
                0x080087cc                __aeabi_dcmpgt
 .text          0x080087e0       0x50 c:/program files (x86)/gnu tools arm embedded/4.8 2013q4/bin/../lib/gcc/arm-none-eabi/4.8.3/armv7e-m\libgcc.a(_arm_fixdfsi.o)
                0x080087e0                __aeabi_d2iz
                0x080087e0                __fixdfsi
 .text          0x08008830       0xa0 c:/program files (x86)/gnu tools arm embedded/4.8 2013q4/bin/../lib/gcc/arm-none-eabi/4.8.3/armv7e-m\libgcc.a(_arm_truncdfsf2.o)
                0x08008830                __truncdfsf2
                0x08008830                __aeabi_d2f
 .text          0x080088d0      0x21c c:/program files (x86)/gnu tools arm embedded/4.8 2013q4/bin/../lib/gcc/arm-none-eabi/4.8.3/armv7e-m\libgcc.a(_arm_addsubsf3.o)
                0x080088d0                __aeabi_frsub
                0x080088d8                __subsf3
                0x080088d8                __aeabi_fsub
                0x080088dc                __aeabi_fadd
                0x080088dc                __addsf3
                0x08008a3c                __aeabi_ui2f
                0x08008a3c                __floatunsisf
                0x08008a44                __aeabi_i2f
                0x08008a44                __floatsisf
                0x08008a60                __aeabi_ul2f
                0x08008a60                __floatundisf
                0x08008a70                __aeabi_l2f
                0x08008a70                __floatdisf
 .text          0x08008aec      0x2a0 c:/program files (x86)/gnu tools arm embedded/4.8 2013q4/bin/../lib/gcc/arm-none-eabi/4.8.3/armv7e-m\libgcc.a(_arm_muldivsf3.o)
                0x08008aec                __mulsf3
                0x08008aec                __aeabi_fmul
                0x08008c54                __aeabi_fdiv
                0x08008c54                __divsf3
 .text.abs      0x08008d8c        0x8 c:/program files (x86)/gnu tools arm embedded/4.8 2013q4/bin/../lib/gcc/arm-none-eabi/4.8.3/../../../../arm-none-eabi/lib/armv7e-m\libg.a(lib_a-abs.o)
                0x08008d8c                abs
 .text.__errno  0x08008d94        0xc c:/program files (x86)/gnu tools arm embedded/4.8 2013q4/bin/../lib/gcc/arm-none-eabi/4.8.3/../../../../arm-none-eabi/lib/armv7e-m\libg.a(lib_a-errno.o)
                0x08008d94                __errno
 .text.sprintf  0x08008da0       0x4c c:/program files (x86)/gnu tools arm embedded/4.8 2013q4/bin/../lib/gcc/arm-none-eabi/4.8.3/../../../../arm-none-eabi/lib/armv7e-m\libg.a(lib_a-sprintf.o)
                0x08008da0                sprintf
 .text._svfprintf_r
                0x08008dec     0x14f8 c:/program files (x86)/gnu tools arm embedded/4.8 2013q4/bin/../lib/gcc/arm-none-eabi/4.8.3/../../../../arm-none-eabi/lib/armv7e-m\libg.a(lib_a-svfprintf.o)
                0x08008dec                _svfprintf_r
 .text.quorem   0x0800a2e4      0x130 c:/program files (x86)/gnu tools arm embedded/4.8 2013q4/bin/../lib/gcc/arm-none-eabi/4.8.3/../../../../arm-none-eabi/lib/armv7e-m\libg.a(lib_a-dtoa.o)
 *fill*         0x0800a414        0x4 
 .text._dtoa_r  0x0800a418      0xe38 c:/program files (x86)/gnu tools arm embedded/4.8 2013q4/bin/../lib/gcc/arm-none-eabi/4.8.3/../../../../arm-none-eabi/lib/armv7e-m\libg.a(lib_a-dtoa.o)
                0x0800a418                _dtoa_r
 .text._localeconv_r
                0x0800b250        0x8 c:/program files (x86)/gnu tools arm embedded/4.8 2013q4/bin/../lib/gcc/arm-none-eabi/4.8.3/../../../../arm-none-eabi/lib/armv7e-m\libg.a(lib_a-locale.o)
                0x0800b250                _localeconv_r
 .text._malloc_r
                0x0800b258      0x538 c:/program files (x86)/gnu tools arm embedded/4.8 2013q4/bin/../lib/gcc/arm-none-eabi/4.8.3/../../../../arm-none-eabi/lib/armv7e-m\libg.a(lib_a-mallocr.o)
                0x0800b258                _malloc_r
 .text.memchr   0x0800b790       0x90 c:/program files (x86)/gnu tools arm embedded/4.8 2013q4/bin/../lib/gcc/arm-none-eabi/4.8.3/../../../../arm-none-eabi/lib/armv7e-m\libg.a(lib_a-memchr-stub.o)
                0x0800b790                memchr
 .text          0x0800b820      0x134 c:/program files (x86)/gnu tools arm embedded/4.8 2013q4/bin/../lib/gcc/arm-none-eabi/4.8.3/../../../../arm-none-eabi/lib/armv7e-m\libg.a(lib_a-memcpy.o)
                0x0800b820                memcpy
 .text.__malloc_lock
                0x0800b954        0x4 c:/program files (x86)/gnu tools arm embedded/4.8 2013q4/bin/../lib/gcc/arm-none-eabi/4.8.3/../../../../arm-none-eabi/lib/armv7e-m\libg.a(lib_a-mlock.o)
                0x0800b954                __malloc_lock
 .text.__malloc_unlock
                0x0800b958        0x4 c:/program files (x86)/gnu tools arm embedded/4.8 2013q4/bin/../lib/gcc/arm-none-eabi/4.8.3/../../../../arm-none-eabi/lib/armv7e-m\libg.a(lib_a-mlock.o)
                0x0800b958                __malloc_unlock
 .text._Balloc  0x0800b95c       0x4c c:/program files (x86)/gnu tools arm embedded/4.8 2013q4/bin/../lib/gcc/arm-none-eabi/4.8.3/../../../../arm-none-eabi/lib/armv7e-m\libg.a(lib_a-mprec.o)
                0x0800b95c                _Balloc
 .text._Bfree   0x0800b9a8       0x14 c:/program files (x86)/gnu tools arm embedded/4.8 2013q4/bin/../lib/gcc/arm-none-eabi/4.8.3/../../../../arm-none-eabi/lib/armv7e-m\libg.a(lib_a-mprec.o)
                0x0800b9a8                _Bfree
 .text.__multadd
                0x0800b9bc       0x98 c:/program files (x86)/gnu tools arm embedded/4.8 2013q4/bin/../lib/gcc/arm-none-eabi/4.8.3/../../../../arm-none-eabi/lib/armv7e-m\libg.a(lib_a-mprec.o)
                0x0800b9bc                __multadd
 .text.__hi0bits
                0x0800ba54       0x40 c:/program files (x86)/gnu tools arm embedded/4.8 2013q4/bin/../lib/gcc/arm-none-eabi/4.8.3/../../../../arm-none-eabi/lib/armv7e-m\libg.a(lib_a-mprec.o)
                0x0800ba54                __hi0bits
 .text.__lo0bits
                0x0800ba94       0x5c c:/program files (x86)/gnu tools arm embedded/4.8 2013q4/bin/../lib/gcc/arm-none-eabi/4.8.3/../../../../arm-none-eabi/lib/armv7e-m\libg.a(lib_a-mprec.o)
                0x0800ba94                __lo0bits
 .text.__i2b    0x0800baf0       0x14 c:/program files (x86)/gnu tools arm embedded/4.8 2013q4/bin/../lib/gcc/arm-none-eabi/4.8.3/../../../../arm-none-eabi/lib/armv7e-m\libg.a(lib_a-mprec.o)
                0x0800baf0                __i2b
 .text.__multiply
                0x0800bb04      0x13c c:/program files (x86)/gnu tools arm embedded/4.8 2013q4/bin/../lib/gcc/arm-none-eabi/4.8.3/../../../../arm-none-eabi/lib/armv7e-m\libg.a(lib_a-mprec.o)
                0x0800bb04                __multiply
 .text.__pow5mult
                0x0800bc40       0x9c c:/program files (x86)/gnu tools arm embedded/4.8 2013q4/bin/../lib/gcc/arm-none-eabi/4.8.3/../../../../arm-none-eabi/lib/armv7e-m\libg.a(lib_a-mprec.o)
                0x0800bc40                __pow5mult
 .text.__lshift
                0x0800bcdc       0xbc c:/program files (x86)/gnu tools arm embedded/4.8 2013q4/bin/../lib/gcc/arm-none-eabi/4.8.3/../../../../arm-none-eabi/lib/armv7e-m\libg.a(lib_a-mprec.o)
                0x0800bcdc                __lshift
 .text.__mcmp   0x0800bd98       0x48 c:/program files (x86)/gnu tools arm embedded/4.8 2013q4/bin/../lib/gcc/arm-none-eabi/4.8.3/../../../../arm-none-eabi/lib/armv7e-m\libg.a(lib_a-mprec.o)
                0x0800bd98                __mcmp
 .text.__mdiff  0x0800bde0       0xd4 c:/program files (x86)/gnu tools arm embedded/4.8 2013q4/bin/../lib/gcc/arm-none-eabi/4.8.3/../../../../arm-none-eabi/lib/armv7e-m\libg.a(lib_a-mprec.o)
                0x0800bde0                __mdiff
 .text.__d2b    0x0800beb4       0xbc c:/program files (x86)/gnu tools arm embedded/4.8 2013q4/bin/../lib/gcc/arm-none-eabi/4.8.3/../../../../arm-none-eabi/lib/armv7e-m\libg.a(lib_a-mprec.o)
                0x0800beb4                __d2b
 .text._sbrk_r  0x0800bf70       0x24 c:/program files (x86)/gnu tools arm embedded/4.8 2013q4/bin/../lib/gcc/arm-none-eabi/4.8.3/../../../../arm-none-eabi/lib/armv7e-m\libg.a(lib_a-sbrkr.o)
                0x0800bf70                _sbrk_r
 .text.strlen   0x0800bf94       0x60 c:/program files (x86)/gnu tools arm embedded/4.8 2013q4/bin/../lib/gcc/arm-none-eabi/4.8.3/../../../../arm-none-eabi/lib/armv7e-m\libg.a(lib_a-strlen.o)
                0x0800bf94                strlen
 .text.__ssprint_r
                0x0800bff4      0x100 c:/program files (x86)/gnu tools arm embedded/4.8 2013q4/bin/../lib/gcc/arm-none-eabi/4.8.3/../../../../arm-none-eabi/lib/armv7e-m\libg.a(lib_a-svfiprintf.o)
                0x0800bff4                __ssprint_r
 .text._calloc_r
                0x0800c0f4       0x60 c:/program files (x86)/gnu tools arm embedded/4.8 2013q4/bin/../lib/gcc/arm-none-eabi/4.8.3/../../../../arm-none-eabi/lib/armv7e-m\libg.a(lib_a-callocr.o)
                0x0800c0f4                _calloc_r
 .text._malloc_trim_r
                0x0800c154       0x9c c:/program files (x86)/gnu tools arm embedded/4.8 2013q4/bin/../lib/gcc/arm-none-eabi/4.8.3/../../../../arm-none-eabi/lib/armv7e-m\libg.a(lib_a-freer.o)
                0x0800c154                _malloc_trim_r
 .text._free_r  0x0800c1f0      0x19c c:/program files (x86)/gnu tools arm embedded/4.8 2013q4/bin/../lib/gcc/arm-none-eabi/4.8.3/../../../../arm-none-eabi/lib/armv7e-m\libg.a(lib_a-freer.o)
                0x0800c1f0                _free_r
 .text.memmove  0x0800c38c       0xc0 c:/program files (x86)/gnu tools arm embedded/4.8 2013q4/bin/../lib/gcc/arm-none-eabi/4.8.3/../../../../arm-none-eabi/lib/armv7e-m\libg.a(lib_a-memmove.o)
                0x0800c38c                memmove
 .text.memset   0x0800c44c       0x94 c:/program files (x86)/gnu tools arm embedded/4.8 2013q4/bin/../lib/gcc/arm-none-eabi/4.8.3/../../../../arm-none-eabi/lib/armv7e-m\libg.a(lib_a-memset.o)
                0x0800c44c                memset
 .text._realloc_r
                0x0800c4e0      0x3cc c:/program files (x86)/gnu tools arm embedded/4.8 2013q4/bin/../lib/gcc/arm-none-eabi/4.8.3/../../../../arm-none-eabi/lib/armv7e-m\libg.a(lib_a-reallocr.o)
                0x0800c4e0                _realloc_r
 .text          0x0800c8ac       0x2c c:/program files (x86)/gnu tools arm embedded/4.8 2013q4/bin/../lib/gcc/arm-none-eabi/4.8.3/armv7e-m\libgcc.a(_aeabi_uldivmod.o)
                0x0800c8ac                __aeabi_uldivmod
 .text          0x0800c8d8       0x60 c:/program files (x86)/gnu tools arm embedded/4.8 2013q4/bin/../lib/gcc/arm-none-eabi/4.8.3/armv7e-m\libgcc.a(bpabi.o)
                0x0800c8d8                __gnu_ldivmod_helper
                0x0800c908                __gnu_uldivmod_helper
 .text          0x0800c938        0x4 c:/program files (x86)/gnu tools arm embedded/4.8 2013q4/bin/../lib/gcc/arm-none-eabi/4.8.3/armv7e-m\libgcc.a(_dvmd_tls.o)
                0x0800c938                __aeabi_idiv0
                0x0800c938                __aeabi_ldiv0
 .text          0x0800c93c      0x298 c:/program files (x86)/gnu tools arm embedded/4.8 2013q4/bin/../lib/gcc/arm-none-eabi/4.8.3/armv7e-m\libgcc.a(_divdi3.o)
                0x0800c93c                __divdi3
 .text          0x0800cbd4      0x284 c:/program files (x86)/gnu tools arm embedded/4.8 2013q4/bin/../lib/gcc/arm-none-eabi/4.8.3/armv7e-m\libgcc.a(_udivdi3.o)
                0x0800cbd4                __udivdi3
 *(.init)
 *(.fini)
 *crtbegin.o(.ctors)
 *crtbegin?.o(.ctors)
 *(EXCLUDE_FILE(*crtend.o *crtend?.o) .ctors)
 *(SORT(.ctors.*))
 *(.ctors)
 *crtbegin.o(.dtors)
 *crtbegin?.o(.dtors)
 *(EXCLUDE_FILE(*crtend.o *crtend?.o) .dtors)
 *(SORT(.dtors.*))
 *(.dtors)
 *(.rodata*)
 .rodata        0x0800ce58       0x10 ..\obj\main.o
 .rodata        0x0800ce68       0x98 ..\obj\usbd_desc.o
 .rodata.str1.4
                0x0800cf00        0x5 c:/program files (x86)/gnu tools arm embedded/4.8 2013q4/bin/../lib/gcc/arm-none-eabi/4.8.3/../../../../arm-none-eabi/lib/armv7e-m\libm.a(lib_a-w_asin.o)
                                  0xc (size before relaxing)
 *fill*         0x0800cf05        0x3 
 .rodata.str1.4
                0x0800cf08        0x5 c:/program files (x86)/gnu tools arm embedded/4.8 2013q4/bin/../lib/gcc/arm-none-eabi/4.8.3/../../../../arm-none-eabi/lib/armv7e-m\libm.a(lib_a-w_sqrt.o)
                                  0x8 (size before relaxing)
 *fill*         0x0800cf0d        0x3 
 .rodata.npio2_hw
                0x0800cf10       0x80 c:/program files (x86)/gnu tools arm embedded/4.8 2013q4/bin/../lib/gcc/arm-none-eabi/4.8.3/../../../../arm-none-eabi/lib/armv7e-m\libm.a(lib_a-e_rem_pio2.o)
 .rodata.two_over_pi
                0x0800cf90      0x108 c:/program files (x86)/gnu tools arm embedded/4.8 2013q4/bin/../lib/gcc/arm-none-eabi/4.8.3/../../../../arm-none-eabi/lib/armv7e-m\libm.a(lib_a-e_rem_pio2.o)
 .rodata.init_jk
                0x0800d098       0x10 c:/program files (x86)/gnu tools arm embedded/4.8 2013q4/bin/../lib/gcc/arm-none-eabi/4.8.3/../../../../arm-none-eabi/lib/armv7e-m\libm.a(lib_a-k_rem_pio2.o)
 .rodata.PIo2   0x0800d0a8       0x40 c:/program files (x86)/gnu tools arm embedded/4.8 2013q4/bin/../lib/gcc/arm-none-eabi/4.8.3/../../../../arm-none-eabi/lib/armv7e-m\libm.a(lib_a-k_rem_pio2.o)
 .rodata.atanlo
                0x0800d0e8       0x20 c:/program files (x86)/gnu tools arm embedded/4.8 2013q4/bin/../lib/gcc/arm-none-eabi/4.8.3/../../../../arm-none-eabi/lib/armv7e-m\libm.a(lib_a-s_atan.o)
 .rodata.atanhi
                0x0800d108       0x20 c:/program files (x86)/gnu tools arm embedded/4.8 2013q4/bin/../lib/gcc/arm-none-eabi/4.8.3/../../../../arm-none-eabi/lib/armv7e-m\libm.a(lib_a-s_atan.o)
 .rodata.str1.4
                0x0800d128        0x2 c:/program files (x86)/gnu tools arm embedded/4.8 2013q4/bin/../lib/gcc/arm-none-eabi/4.8.3/../../../../arm-none-eabi/lib/armv7e-m\libg.a(lib_a-impure.o)
                                  0x4 (size before relaxing)
 *fill*         0x0800d12a        0x2 
 .rodata.blanks.6743
                0x0800d12c       0x10 c:/program files (x86)/gnu tools arm embedded/4.8 2013q4/bin/../lib/gcc/arm-none-eabi/4.8.3/../../../../arm-none-eabi/lib/armv7e-m\libg.a(lib_a-svfprintf.o)
 .rodata.str1.4
                0x0800d13c       0x42 c:/program files (x86)/gnu tools arm embedded/4.8 2013q4/bin/../lib/gcc/arm-none-eabi/4.8.3/../../../../arm-none-eabi/lib/armv7e-m\libg.a(lib_a-svfprintf.o)
                                 0x44 (size before relaxing)
 *fill*         0x0800d17e        0x2 
 .rodata.zeroes.6744
                0x0800d180       0x10 c:/program files (x86)/gnu tools arm embedded/4.8 2013q4/bin/../lib/gcc/arm-none-eabi/4.8.3/../../../../arm-none-eabi/lib/armv7e-m\libg.a(lib_a-svfprintf.o)
 .rodata.str1.4
                0x0800d190       0x10 c:/program files (x86)/gnu tools arm embedded/4.8 2013q4/bin/../lib/gcc/arm-none-eabi/4.8.3/../../../../arm-none-eabi/lib/armv7e-m\libg.a(lib_a-dtoa.o)
                                 0x14 (size before relaxing)
 .rodata.str1.4
                0x0800d1a0        0xc c:/program files (x86)/gnu tools arm embedded/4.8 2013q4/bin/../lib/gcc/arm-none-eabi/4.8.3/../../../../arm-none-eabi/lib/armv7e-m\libg.a(lib_a-locale.o)
                                 0x14 (size before relaxing)
 .rodata.p05.5288
                0x0800d1ac        0xc c:/program files (x86)/gnu tools arm embedded/4.8 2013q4/bin/../lib/gcc/arm-none-eabi/4.8.3/../../../../arm-none-eabi/lib/armv7e-m\libg.a(lib_a-mprec.o)
 .rodata.__mprec_tens
                0x0800d1b8       0xc8 c:/program files (x86)/gnu tools arm embedded/4.8 2013q4/bin/../lib/gcc/arm-none-eabi/4.8.3/../../../../arm-none-eabi/lib/armv7e-m\libg.a(lib_a-mprec.o)
                0x0800d1b8                __mprec_tens
 .rodata.__mprec_bigtens
                0x0800d280       0x28 c:/program files (x86)/gnu tools arm embedded/4.8 2013q4/bin/../lib/gcc/arm-none-eabi/4.8.3/../../../../arm-none-eabi/lib/armv7e-m\libg.a(lib_a-mprec.o)
                0x0800d280                __mprec_bigtens
 *(.eh_fram e*)

.glue_7         0x0800d2a8        0x0
 .glue_7        0x00000000        0x0 linker stubs

.glue_7t        0x0800d2a8        0x0
 .glue_7t       0x00000000        0x0 linker stubs

.vfp11_veneer   0x0800d2a8        0x0
 .vfp11_veneer  0x00000000        0x0 linker stubs

.v4_bx          0x0800d2a8        0x0
 .v4_bx         0x00000000        0x0 linker stubs

.iplt           0x0800d2a8        0x0
 .iplt          0x00000000        0x0 ..\obj\stm32f4xx_syscfg.o

.ARM.extab
 *(.ARM.extab* .gnu.linkonce.armextab.*)
                0x0800d2a8                __exidx_start = .

.ARM.exidx      0x0800d2a8        0x8
 *(.ARM.exidx* .gnu.linkonce.armexidx.*)
 .ARM.exidx     0x0800d2a8        0x8 c:/program files (x86)/gnu tools arm embedded/4.8 2013q4/bin/../lib/gcc/arm-none-eabi/4.8.3/armv7e-m\libgcc.a(_divdi3.o)
 .ARM.exidx     0x0800d2b0        0x0 c:/program files (x86)/gnu tools arm embedded/4.8 2013q4/bin/../lib/gcc/arm-none-eabi/4.8.3/armv7e-m\libgcc.a(_udivdi3.o)
                                  0x8 (size before relaxing)
                0x0800d2b0                __exidx_end = .
                0x0800d2b0                __etext = .
                0x0800d2b0                _sidata = __etext

.rel.dyn        0x0800d2b0        0x0
 .rel.iplt      0x00000000        0x0 ..\obj\stm32f4xx_syscfg.o

.data           0x20000000      0xa14 load address 0x0800d2b0
                0x20000000                __data_start__ = .
                0x20000000                _sdata = __data_start__
 *(vtable)
 *(.data*)
 .data          0x20000000       0x1c ..\obj\usbd_usr.o
                0x20000000                USR_cb
 .data          0x2000001c       0x30 ..\obj\usbd_core.o
                0x2000001c                USBD_DCD_INT_cb
                0x20000048                USBD_DCD_INT_fops
 .data          0x2000004c       0x58 ..\obj\main.o
                0x2000004c                SENSOR_SIGN
                0x20000058                G_Dt
                0x2000005c                DCM_Matrix
                0x20000080                Update_Matrix
 .data          0x200000a4       0x10 ..\obj\stm32f4xx_rcc.o
 .data          0x200000b4       0x40 ..\obj\usbd_desc.o
                0x200000b4                USR_desc
                0x200000d0                USBD_DeviceDesc
                0x200000e4                USBD_DeviceQualifierDesc
                0x200000f0                USBD_LangIDDesc
 .data          0x200000f4       0x1c ..\obj\usbd_cdc_vcp.o
                0x200000f4                linecoding
                0x200000fc                VCP_fops
 .data          0x20000110       0x14 ..\obj\system_stm32f4xx.o
                0x20000110                SystemCoreClock
                0x20000114                AHBPrescTable
 .data          0x20000124       0x74 ..\obj\usbd_cdc_core.o
                0x20000124                usbd_cdc_CfgDesc
                0x2000016c                USBD_CDC_cb
 .data.__fdlib_version
                0x20000198        0x1 c:/program files (x86)/gnu tools arm embedded/4.8 2013q4/bin/../lib/gcc/arm-none-eabi/4.8.3/../../../../arm-none-eabi/lib/armv7e-m\libm.a(lib_a-s_lib_ver.o)
                0x20000198                __fdlib_version
 *fill*         0x20000199        0x7 
 .data.impure_data
                0x200001a0      0x428 c:/program files (x86)/gnu tools arm embedded/4.8 2013q4/bin/../lib/gcc/arm-none-eabi/4.8.3/../../../../arm-none-eabi/lib/armv7e-m\libg.a(lib_a-impure.o)
 .data._impure_ptr
                0x200005c8        0x4 c:/program files (x86)/gnu tools arm embedded/4.8 2013q4/bin/../lib/gcc/arm-none-eabi/4.8.3/../../../../arm-none-eabi/lib/armv7e-m\libg.a(lib_a-impure.o)
                0x200005c8                _impure_ptr
 .data.lconv    0x200005cc       0x38 c:/program files (x86)/gnu tools arm embedded/4.8 2013q4/bin/../lib/gcc/arm-none-eabi/4.8.3/../../../../arm-none-eabi/lib/armv7e-m\libg.a(lib_a-locale.o)
 .data.__malloc_av_
                0x20000604      0x408 c:/program files (x86)/gnu tools arm embedded/4.8 2013q4/bin/../lib/gcc/arm-none-eabi/4.8.3/../../../../arm-none-eabi/lib/armv7e-m\libg.a(lib_a-mallocr.o)
                0x20000604                __malloc_av_
 .data.__malloc_trim_threshold
                0x20000a0c        0x4 c:/program files (x86)/gnu tools arm embedded/4.8 2013q4/bin/../lib/gcc/arm-none-eabi/4.8.3/../../../../arm-none-eabi/lib/armv7e-m\libg.a(lib_a-mallocr.o)
                0x20000a0c                __malloc_trim_threshold
 .data.__malloc_sbrk_base
                0x20000a10        0x4 c:/program files (x86)/gnu tools arm embedded/4.8 2013q4/bin/../lib/gcc/arm-none-eabi/4.8.3/../../../../arm-none-eabi/lib/armv7e-m\libg.a(lib_a-mallocr.o)
                0x20000a10                __malloc_sbrk_base
                0x20000a14                . = ALIGN (0x4)
                0x20000a14                PROVIDE (__preinit_array_start, .)
 *(.preinit_array)
                0x20000a14                PROVIDE (__preinit_array_end, .)
                0x20000a14                . = ALIGN (0x4)
                0x20000a14                PROVIDE (__init_array_start, .)
 *(SORT(.init_array.*))
 *(.init_array)
                0x20000a14                PROVIDE (__init_array_end, .)
                0x20000a14                . = ALIGN (0x4)
                0x20000a14                PROVIDE (__fini_array_start, .)
 *(SORT(.fini_array.*))
 *(.fini_array)
                0x20000a14                PROVIDE (__fini_array_end, .)
 *(.jcr*)
                0x20000a14                . = ALIGN (0x4)
                0x20000a14                __data_end__ = .
                0x20000a14                _edata = __data_end__

.igot.plt       0x20000a14        0x0 load address 0x0800dcc4
 .igot.plt      0x00000000        0x0 ..\obj\stm32f4xx_syscfg.o

.bss            0x20000a14     0x10ac load address 0x0800dcc4
                0x20000a14                . = ALIGN (0x4)
                0x20000a14                __bss_start__ = .
                0x20000a14                _sbss = __bss_start__
 *(.bss*)
 .bss           0x20000a14       0x18 ..\obj\PololuAHRS.o
 .bss           0x20000a2c       0x9c ..\obj\main.o
                0x20000a2c                timer
                0x20000a30                timer24
                0x20000a34                AN_OFFSET
                0x20000a40                Accel_Vector
                0x20000a4c                Gyro_Vector
                0x20000a58                Omega_Vector
                0x20000a64                Omega_P
                0x20000a70                Omega_I
                0x20000a7c                Omega
                0x20000a88                errorRollPitch
                0x20000a94                errorYaw
                0x20000aa0                counter
                0x20000aa2                gyro_sat
                0x20000aa4                Temporary_Matrix
 .bss           0x20000ac8        0x4 ..\obj\syscalls.o
 .bss           0x20000acc       0x10 ..\obj\usbd_req.o
                0x20000acc                USBD_ep_status
                0x20000ad0                USBD_default_cfg
                0x20000ad4                USBD_cfg_status
 .bss           0x20000adc       0x1c ..\obj\usbd_cdc_core.o
                0x20000ae0                APP_Rx_ptr_in
                0x20000ae4                APP_Rx_ptr_out
                0x20000ae8                APP_Rx_length
                0x20000aec                USB_Tx_State
 .bss           0x20000af8        0x4 ..\obj\millis_micros.o
                0x20000af8                t_millis
 .bss.__malloc_max_total_mem
                0x20000afc        0x4 c:/program files (x86)/gnu tools arm embedded/4.8 2013q4/bin/../lib/gcc/arm-none-eabi/4.8.3/../../../../arm-none-eabi/lib/armv7e-m\libg.a(lib_a-mallocr.o)
                0x20000afc                __malloc_max_total_mem
 .bss.__malloc_max_sbrked_mem
                0x20000b00        0x4 c:/program files (x86)/gnu tools arm embedded/4.8 2013q4/bin/../lib/gcc/arm-none-eabi/4.8.3/../../../../arm-none-eabi/lib/armv7e-m\libg.a(lib_a-mallocr.o)
                0x20000b00                __malloc_max_sbrked_mem
 .bss.__malloc_top_pad
                0x20000b04        0x4 c:/program files (x86)/gnu tools arm embedded/4.8 2013q4/bin/../lib/gcc/arm-none-eabi/4.8.3/../../../../arm-none-eabi/lib/armv7e-m\libg.a(lib_a-mallocr.o)
                0x20000b04                __malloc_top_pad
 .bss.__malloc_current_mallinfo
                0x20000b08       0x28 c:/program files (x86)/gnu tools arm embedded/4.8 2013q4/bin/../lib/gcc/arm-none-eabi/4.8.3/../../../../arm-none-eabi/lib/armv7e-m\libg.a(lib_a-mallocr.o)
                0x20000b08                __malloc_current_mallinfo
 *(COMMON)
 COMMON         0x20000b30       0x44 ..\obj\main.o
                0x20000b30                magnetom_y
                0x20000b32                accel_x
                0x20000b34                c_magnetom_y
                0x20000b38                AN
                0x20000b44                MAG_Heading
                0x20000b48                gyro_y
                0x20000b4a                accel_y
                0x20000b4c                timer_old
                0x20000b50                magnetom_x
                0x20000b52                magnetom_z
                0x20000b54                gyro_x
                0x20000b58                c_magnetom_z
                0x20000b5c                yaw
                0x20000b60                pitch
                0x20000b64                roll
                0x20000b68                accel_z
                0x20000b6c                c_magnetom_x
                0x20000b70                theByte
                0x20000b72                gyro_z
 COMMON         0x20000b74      0x5f0 ..\obj\minIMU.o
                0x20000b74                USB_OTG_dev
 COMMON         0x20001164       0x98 ..\obj\usbd_cdc_vcp.o
                0x20001164                APP_Tx_Buffer
                0x200011e4                APP_tx_ptr_tail
                0x200011e8                USART_InitStructure
                0x200011f8                APP_tx_ptr_head
 COMMON         0x200011fc       0x32 ..\obj\usbd_req.o
                0x200011fc                USBD_StrDesc
 *fill*         0x2000122e        0x2 
 COMMON         0x20001230      0x88c ..\obj\usbd_cdc_core.o
                0x20001230                usbd_cdc_OtherCfgDesc
                0x20001274                USB_Rx_Buffer
                0x200012b4                CmdBuff
                0x200012bc                APP_Rx_Buffer
 COMMON         0x20001abc        0x4 c:/program files (x86)/gnu tools arm embedded/4.8 2013q4/bin/../lib/gcc/arm-none-eabi/4.8.3/../../../../arm-none-eabi/lib/armv7e-m\libg.a(lib_a-reent.o)
                0x20001abc                errno
                0x20001ac0                . = ALIGN (0x4)
                0x20001ac0                __bss_end__ = .
                0x20001ac0                _ebss = __bss_end__

.heap           0x20001ac0        0x0
                0x20001ac0                __end__ = .
                0x20001ac0                _end = __end__
                0x20001ac0                end = __end__
 *(.heap*)
                0x20001ac0                __HeapLimit = .

.co_stack       0x20001ac0      0x800 load address 0x0800ed70
                0x20001ac0                . = ALIGN (0x8)
 *(.co_stack .co_stack.*)
 .co_stack      0x20001ac0      0x800 ..\obj\startup_stm32f4xx.o
                0x20001ac0                pulStack
                0x20020000                __StackTop = (ORIGIN (ram) + 0x20000)
                0x2001f800                __StackLimit = (__StackTop - SIZEOF (.co_stack))
                0x20020000                PROVIDE (__stack, __StackTop)
                0x00000001                ASSERT ((__StackLimit >= __HeapLimit), region ram  overflowed with stack)
LOAD ..\obj\stm32f4xx_syscfg.o
LOAD ..\obj\usb_core.o
LOAD ..\obj\usbd_usr.o
LOAD ..\obj\stm32f4xx_usart.o
LOAD ..\obj\PololuAHRS.o
LOAD ..\obj\startup_stm32f4xx.o
LOAD ..\obj\MadgwickAHRS.o
LOAD ..\obj\usbd_core.o
LOAD ..\obj\main.o
LOAD ..\obj\stm32f4xx_rcc.o
LOAD ..\obj\minIMU.o
LOAD ..\obj\usbd_desc.o
LOAD ..\obj\stm32f4xx_gpio.o
LOAD ..\obj\usbd_cdc_vcp.o
LOAD ..\obj\system_stm32f4xx.o
LOAD ..\obj\syscalls.o
LOAD ..\obj\usb_bsp.o
LOAD ..\obj\usbd_req.o
LOAD ..\obj\usb_dcd_int.o
LOAD ..\obj\usbd_cdc_core.o
LOAD ..\obj\millis_micros.o
LOAD ..\obj\stm32f4xx_i2c.o
LOAD ..\obj\stm32f4xx_exti.o
LOAD ..\obj\misc.o
LOAD ..\obj\usb_dcd.o
LOAD ..\obj\stm32f4xx_rtc.o
LOAD ..\obj\usbd_ioreq.o
LOAD ..\obj\stm32f4xx_tim.o
LOAD c:/program files (x86)/gnu tools arm embedded/4.8 2013q4/bin/../lib/gcc/arm-none-eabi/4.8.3/../../../../arm-none-eabi/lib/armv7e-m\libm.a
START GROUP
LOAD c:/program files (x86)/gnu tools arm embedded/4.8 2013q4/bin/../lib/gcc/arm-none-eabi/4.8.3/armv7e-m\libgcc.a
LOAD c:/program files (x86)/gnu tools arm embedded/4.8 2013q4/bin/../lib/gcc/arm-none-eabi/4.8.3/../../../../arm-none-eabi/lib/armv7e-m\libg.a
LOAD c:/program files (x86)/gnu tools arm embedded/4.8 2013q4/bin/../lib/gcc/arm-none-eabi/4.8.3/../../../../arm-none-eabi/lib/armv7e-m\libc.a
END GROUP
OUTPUT(CopterBrain.elf elf32-littlearm)

.debug_info     0x00000000    0x11723
 .debug_info    0x00000000     0x24ef ..\obj\usb_core.o
 .debug_info    0x000024ef      0x1b5 ..\obj\usbd_usr.o
 .debug_info    0x000026a4      0x56b ..\obj\PololuAHRS.o
 .debug_info    0x00002c0f       0xed ..\obj\startup_stm32f4xx.o
 .debug_info    0x00002cfc      0xe69 ..\obj\usbd_core.o
 .debug_info    0x00003b65      0x9cc ..\obj\main.o
 .debug_info    0x00004531      0xc21 ..\obj\stm32f4xx_rcc.o
 .debug_info    0x00005152     0x1140 ..\obj\minIMU.o
 .debug_info    0x00006292      0x342 ..\obj\usbd_desc.o
 .debug_info    0x000065d4      0x5d6 ..\obj\stm32f4xx_gpio.o
 .debug_info    0x00006baa      0x482 ..\obj\usbd_cdc_vcp.o
 .debug_info    0x0000702c      0x566 ..\obj\system_stm32f4xx.o
 .debug_info    0x00007592      0x3ee ..\obj\syscalls.o
 .debug_info    0x00007980      0xfd8 ..\obj\usb_bsp.o
 .debug_info    0x00008958      0xf6f ..\obj\usbd_req.o
 .debug_info    0x000098c7     0x1d41 ..\obj\usb_dcd_int.o
 .debug_info    0x0000b608      0xec6 ..\obj\usbd_cdc_core.o
 .debug_info    0x0000c4ce      0x68d ..\obj\millis_micros.o
 .debug_info    0x0000cb5b      0xac8 ..\obj\stm32f4xx_i2c.o
 .debug_info    0x0000d623      0x331 ..\obj\stm32f4xx_exti.o
 .debug_info    0x0000d954      0x51c ..\obj\misc.o
 .debug_info    0x0000de70      0xff3 ..\obj\usb_dcd.o
 .debug_info    0x0000ee63      0xc8b ..\obj\usbd_ioreq.o
 .debug_info    0x0000faee     0x1c35 ..\obj\stm32f4xx_tim.o

.debug_abbrev   0x00000000     0x2898
 .debug_abbrev  0x00000000      0x2e7 ..\obj\usb_core.o
 .debug_abbrev  0x000002e7       0xdd ..\obj\usbd_usr.o
 .debug_abbrev  0x000003c4      0x14d ..\obj\PololuAHRS.o
 .debug_abbrev  0x00000511       0xb0 ..\obj\startup_stm32f4xx.o
 .debug_abbrev  0x000005c1      0x21d ..\obj\usbd_core.o
 .debug_abbrev  0x000007de      0x1bb ..\obj\main.o
 .debug_abbrev  0x00000999      0x1e3 ..\obj\stm32f4xx_rcc.o
 .debug_abbrev  0x00000b7c      0x237 ..\obj\minIMU.o
 .debug_abbrev  0x00000db3      0x12c ..\obj\usbd_desc.o
 .debug_abbrev  0x00000edf      0x1a3 ..\obj\stm32f4xx_gpio.o
 .debug_abbrev  0x00001082      0x189 ..\obj\usbd_cdc_vcp.o
 .debug_abbrev  0x0000120b      0x136 ..\obj\system_stm32f4xx.o
 .debug_abbrev  0x00001341       0xe2 ..\obj\syscalls.o
 .debug_abbrev  0x00001423      0x22b ..\obj\usb_bsp.o
 .debug_abbrev  0x0000164e      0x293 ..\obj\usbd_req.o
 .debug_abbrev  0x000018e1      0x25b ..\obj\usb_dcd_int.o
 .debug_abbrev  0x00001b3c      0x215 ..\obj\usbd_cdc_core.o
 .debug_abbrev  0x00001d51      0x16a ..\obj\millis_micros.o
 .debug_abbrev  0x00001ebb      0x164 ..\obj\stm32f4xx_i2c.o
 .debug_abbrev  0x0000201f      0x1a5 ..\obj\stm32f4xx_exti.o
 .debug_abbrev  0x000021c4      0x145 ..\obj\misc.o
 .debug_abbrev  0x00002309      0x259 ..\obj\usb_dcd.o
 .debug_abbrev  0x00002562      0x1af ..\obj\usbd_ioreq.o
 .debug_abbrev  0x00002711      0x187 ..\obj\stm32f4xx_tim.o

.debug_aranges  0x00000000      0xe10
 .debug_aranges
                0x00000000      0x138 ..\obj\usb_core.o
 .debug_aranges
                0x00000138       0x50 ..\obj\usbd_usr.o
 .debug_aranges
                0x00000188       0x68 ..\obj\PololuAHRS.o
 .debug_aranges
                0x000001f0       0x28 ..\obj\startup_stm32f4xx.o
 .debug_aranges
                0x00000218       0x80 ..\obj\usbd_core.o
 .debug_aranges
                0x00000298       0x40 ..\obj\main.o
 .debug_aranges
                0x000002d8      0x178 ..\obj\stm32f4xx_rcc.o
 .debug_aranges
                0x00000450       0x70 ..\obj\minIMU.o
 .debug_aranges
                0x000004c0       0x50 ..\obj\usbd_desc.o
 .debug_aranges
                0x00000510       0x88 ..\obj\stm32f4xx_gpio.o
 .debug_aranges
                0x00000598       0x70 ..\obj\usbd_cdc_vcp.o
 .debug_aranges
                0x00000608       0x30 ..\obj\system_stm32f4xx.o
 .debug_aranges
                0x00000638       0x60 ..\obj\syscalls.o
 .debug_aranges
                0x00000698       0x48 ..\obj\usb_bsp.o
 .debug_aranges
                0x000006e0       0x88 ..\obj\usbd_req.o
 .debug_aranges
                0x00000768       0x80 ..\obj\usb_dcd_int.o
 .debug_aranges
                0x000007e8       0x60 ..\obj\usbd_cdc_core.o
 .debug_aranges
                0x00000848       0x48 ..\obj\millis_micros.o
 .debug_aranges
                0x00000890      0x120 ..\obj\stm32f4xx_i2c.o
 .debug_aranges
                0x000009b0       0x58 ..\obj\stm32f4xx_exti.o
 .debug_aranges
                0x00000a08       0x40 ..\obj\misc.o
 .debug_aranges
                0x00000a48       0x80 ..\obj\usb_dcd.o
 .debug_aranges
                0x00000ac8       0x50 ..\obj\usbd_ioreq.o
 .debug_aranges
                0x00000b18      0x2f8 ..\obj\stm32f4xx_tim.o

.debug_ranges   0x00000000      0xc90
 .debug_ranges  0x00000000      0x128 ..\obj\usb_core.o
 .debug_ranges  0x00000128       0x40 ..\obj\usbd_usr.o
 .debug_ranges  0x00000168       0x58 ..\obj\PololuAHRS.o
 .debug_ranges  0x000001c0       0x18 ..\obj\startup_stm32f4xx.o
 .debug_ranges  0x000001d8       0x70 ..\obj\usbd_core.o
 .debug_ranges  0x00000248       0x30 ..\obj\main.o
 .debug_ranges  0x00000278      0x168 ..\obj\stm32f4xx_rcc.o
 .debug_ranges  0x000003e0       0x60 ..\obj\minIMU.o
 .debug_ranges  0x00000440       0x40 ..\obj\usbd_desc.o
 .debug_ranges  0x00000480       0x78 ..\obj\stm32f4xx_gpio.o
 .debug_ranges  0x000004f8       0x60 ..\obj\usbd_cdc_vcp.o
 .debug_ranges  0x00000558       0x20 ..\obj\system_stm32f4xx.o
 .debug_ranges  0x00000578       0x50 ..\obj\syscalls.o
 .debug_ranges  0x000005c8       0x38 ..\obj\usb_bsp.o
 .debug_ranges  0x00000600       0x78 ..\obj\usbd_req.o
 .debug_ranges  0x00000678       0x70 ..\obj\usb_dcd_int.o
 .debug_ranges  0x000006e8       0x50 ..\obj\usbd_cdc_core.o
 .debug_ranges  0x00000738       0x38 ..\obj\millis_micros.o
 .debug_ranges  0x00000770      0x110 ..\obj\stm32f4xx_i2c.o
 .debug_ranges  0x00000880       0x48 ..\obj\stm32f4xx_exti.o
 .debug_ranges  0x000008c8       0x30 ..\obj\misc.o
 .debug_ranges  0x000008f8       0x70 ..\obj\usb_dcd.o
 .debug_ranges  0x00000968       0x40 ..\obj\usbd_ioreq.o
 .debug_ranges  0x000009a8      0x2e8 ..\obj\stm32f4xx_tim.o

.debug_line     0x00000000     0x4c00
 .debug_line    0x00000000      0x684 ..\obj\usb_core.o
 .debug_line    0x00000684      0x19f ..\obj\usbd_usr.o
 .debug_line    0x00000823      0x31c ..\obj\PololuAHRS.o
 .debug_line    0x00000b3f       0xb3 ..\obj\startup_stm32f4xx.o
 .debug_line    0x00000bf2      0x2c5 ..\obj\usbd_core.o
 .debug_line    0x00000eb7      0x234 ..\obj\main.o
 .debug_line    0x000010eb      0x586 ..\obj\stm32f4xx_rcc.o
 .debug_line    0x00001671      0x3ef ..\obj\minIMU.o
 .debug_line    0x00001a60      0x1c3 ..\obj\usbd_desc.o
 .debug_line    0x00001c23      0x32b ..\obj\stm32f4xx_gpio.o
 .debug_line    0x00001f4e      0x2d7 ..\obj\usbd_cdc_vcp.o
 .debug_line    0x00002225      0x1af ..\obj\system_stm32f4xx.o
 .debug_line    0x000023d4      0x18a ..\obj\syscalls.o
 .debug_line    0x0000255e      0x27e ..\obj\usb_bsp.o
 .debug_line    0x000027dc      0x375 ..\obj\usbd_req.o
 .debug_line    0x00002b51      0x367 ..\obj\usb_dcd_int.o
 .debug_line    0x00002eb8      0x252 ..\obj\usbd_cdc_core.o
 .debug_line    0x0000310a      0x254 ..\obj\millis_micros.o
 .debug_line    0x0000335e      0x4c7 ..\obj\stm32f4xx_i2c.o
 .debug_line    0x00003825      0x291 ..\obj\stm32f4xx_exti.o
 .debug_line    0x00003ab6      0x231 ..\obj\misc.o
 .debug_line    0x00003ce7      0x2ef ..\obj\usb_dcd.o
 .debug_line    0x00003fd6      0x1d9 ..\obj\usbd_ioreq.o
 .debug_line    0x000041af      0xa51 ..\obj\stm32f4xx_tim.o

.debug_str      0x00000000     0x4d40
 .debug_str     0x00000000     0x1325 ..\obj\usb_core.o
                               0x1671 (size before relaxing)
 .debug_str     0x00001325       0xf8 ..\obj\usbd_usr.o
                                0x2aa (size before relaxing)
 .debug_str     0x0000141d      0x312 ..\obj\PololuAHRS.o
                                0x48f (size before relaxing)
 .debug_str     0x0000172f       0xc2 ..\obj\startup_stm32f4xx.o
                                0x159 (size before relaxing)
 .debug_str     0x000017f1      0x19d ..\obj\usbd_core.o
                                0xab6 (size before relaxing)
 .debug_str     0x0000198e      0x6a4 ..\obj\main.o
                                0x981 (size before relaxing)
 .debug_str     0x00002032      0x694 ..\obj\stm32f4xx_rcc.o
                                0x838 (size before relaxing)
 .debug_str     0x000026c6      0x348 ..\obj\minIMU.o
                                0xcf7 (size before relaxing)
 .debug_str     0x00002a0e      0x168 ..\obj\usbd_desc.o
                                0x378 (size before relaxing)
 .debug_str     0x00002b76      0x1a5 ..\obj\stm32f4xx_gpio.o
                                0x48b (size before relaxing)
 .debug_str     0x00002d1b      0x248 ..\obj\usbd_cdc_vcp.o
                                0x39c (size before relaxing)
 .debug_str     0x00002f63       0xc6 ..\obj\system_stm32f4xx.o
                                0x392 (size before relaxing)
 .debug_str     0x00003029      0x166 ..\obj\syscalls.o
                                0x2fa (size before relaxing)
 .debug_str     0x0000318f      0x162 ..\obj\usb_bsp.o
                               0x10bb (size before relaxing)
 .debug_str     0x000032f1      0x183 ..\obj\usbd_req.o
                                0xae1 (size before relaxing)
 .debug_str     0x00003474      0x299 ..\obj\usb_dcd_int.o
                               0x126f (size before relaxing)
 .debug_str     0x0000370d      0x1a1 ..\obj\usbd_cdc_core.o
                                0xaff (size before relaxing)
 .debug_str     0x000038ae      0x1ac ..\obj\millis_micros.o
                                0x8f7 (size before relaxing)
 .debug_str     0x00003a5a      0x352 ..\obj\stm32f4xx_i2c.o
                                0x64d (size before relaxing)
 .debug_str     0x00003dac      0x1df ..\obj\stm32f4xx_exti.o
                                0x356 (size before relaxing)
 .debug_str     0x00003f8b      0x125 ..\obj\misc.o
                                0x3c1 (size before relaxing)
 .debug_str     0x000040b0      0x11f ..\obj\usb_dcd.o
                                0xb11 (size before relaxing)
 .debug_str     0x000041cf       0xd9 ..\obj\usbd_ioreq.o
                                0x9a0 (size before relaxing)
 .debug_str     0x000042a8      0xa98 ..\obj\stm32f4xx_tim.o
                                0xdb8 (size before relaxing)

.comment        0x00000000       0x70
 .comment       0x00000000       0x70 ..\obj\usb_core.o
                                 0x71 (size before relaxing)
 .comment       0x00000000       0x71 ..\obj\usbd_usr.o
 .comment       0x00000000       0x71 ..\obj\PololuAHRS.o
 .comment       0x00000000       0x71 ..\obj\startup_stm32f4xx.o
 .comment       0x00000000       0x71 ..\obj\usbd_core.o
 .comment       0x00000000       0x71 ..\obj\main.o
 .comment       0x00000000       0x71 ..\obj\stm32f4xx_rcc.o
 .comment       0x00000000       0x71 ..\obj\minIMU.o
 .comment       0x00000000       0x71 ..\obj\usbd_desc.o
 .comment       0x00000000       0x71 ..\obj\stm32f4xx_gpio.o
 .comment       0x00000000       0x71 ..\obj\usbd_cdc_vcp.o
 .comment       0x00000000       0x71 ..\obj\system_stm32f4xx.o
 .comment       0x00000000       0x71 ..\obj\syscalls.o
 .comment       0x00000000       0x71 ..\obj\usb_bsp.o
 .comment       0x00000000       0x71 ..\obj\usbd_req.o
 .comment       0x00000000       0x71 ..\obj\usb_dcd_int.o
 .comment       0x00000000       0x71 ..\obj\usbd_cdc_core.o
 .comment       0x00000000       0x71 ..\obj\millis_micros.o
 .comment       0x00000000       0x71 ..\obj\stm32f4xx_i2c.o
 .comment       0x00000000       0x71 ..\obj\stm32f4xx_exti.o
 .comment       0x00000000       0x71 ..\obj\misc.o
 .comment       0x00000000       0x71 ..\obj\usb_dcd.o
 .comment       0x00000000       0x71 ..\obj\usbd_ioreq.o
 .comment       0x00000000       0x71 ..\obj\stm32f4xx_tim.o

.ARM.attributes
                0x00000000       0x31
 .ARM.attributes
                0x00000000       0x33 ..\obj\usb_core.o
 .ARM.attributes
                0x00000033       0x33 ..\obj\usbd_usr.o
 .ARM.attributes
                0x00000066       0x33 ..\obj\PololuAHRS.o
 .ARM.attributes
                0x00000099       0x33 ..\obj\startup_stm32f4xx.o
 .ARM.attributes
                0x000000cc       0x33 ..\obj\usbd_core.o
 .ARM.attributes
                0x000000ff       0x33 ..\obj\main.o
 .ARM.attributes
                0x00000132       0x33 ..\obj\stm32f4xx_rcc.o
 .ARM.attributes
                0x00000165       0x33 ..\obj\minIMU.o
 .ARM.attributes
                0x00000198       0x33 ..\obj\usbd_desc.o
 .ARM.attributes
                0x000001cb       0x33 ..\obj\stm32f4xx_gpio.o
 .ARM.attributes
                0x000001fe       0x33 ..\obj\usbd_cdc_vcp.o
 .ARM.attributes
                0x00000231       0x33 ..\obj\system_stm32f4xx.o
 .ARM.attributes
                0x00000264       0x33 ..\obj\syscalls.o
 .ARM.attributes
                0x00000297       0x33 ..\obj\usb_bsp.o
 .ARM.attributes
                0x000002ca       0x33 ..\obj\usbd_req.o
 .ARM.attributes
                0x000002fd       0x33 ..\obj\usb_dcd_int.o
 .ARM.attributes
                0x00000330       0x33 ..\obj\usbd_cdc_core.o
 .ARM.attributes
                0x00000363       0x33 ..\obj\millis_micros.o
 .ARM.attributes
                0x00000396       0x33 ..\obj\stm32f4xx_i2c.o
 .ARM.attributes
                0x000003c9       0x33 ..\obj\stm32f4xx_exti.o
 .ARM.attributes
                0x000003fc       0x33 ..\obj\misc.o
 .ARM.attributes
                0x0000042f       0x33 ..\obj\usb_dcd.o
 .ARM.attributes
                0x00000462       0x33 ..\obj\usbd_ioreq.o
 .ARM.attributes
                0x00000495       0x33 ..\obj\stm32f4xx_tim.o
 .ARM.attributes
                0x000004c8       0x2e c:/program files (x86)/gnu tools arm embedded/4.8 2013q4/bin/../lib/gcc/arm-none-eabi/4.8.3/../../../../arm-none-eabi/lib/armv7e-m\libm.a(lib_a-s_cos.o)
 .ARM.attributes
                0x000004f6       0x2e c:/program files (x86)/gnu tools arm embedded/4.8 2013q4/bin/../lib/gcc/arm-none-eabi/4.8.3/../../../../arm-none-eabi/lib/armv7e-m\libm.a(lib_a-s_sin.o)
 .ARM.attributes
                0x00000524       0x2e c:/program files (x86)/gnu tools arm embedded/4.8 2013q4/bin/../lib/gcc/arm-none-eabi/4.8.3/../../../../arm-none-eabi/lib/armv7e-m\libm.a(lib_a-w_asin.o)
 .ARM.attributes
                0x00000552       0x2e c:/program files (x86)/gnu tools arm embedded/4.8 2013q4/bin/../lib/gcc/arm-none-eabi/4.8.3/../../../../arm-none-eabi/lib/armv7e-m\libm.a(lib_a-w_atan2.o)
 .ARM.attributes
                0x00000580       0x2e c:/program files (x86)/gnu tools arm embedded/4.8 2013q4/bin/../lib/gcc/arm-none-eabi/4.8.3/../../../../arm-none-eabi/lib/armv7e-m\libm.a(lib_a-w_sqrt.o)
 .ARM.attributes
                0x000005ae       0x2e c:/program files (x86)/gnu tools arm embedded/4.8 2013q4/bin/../lib/gcc/arm-none-eabi/4.8.3/../../../../arm-none-eabi/lib/armv7e-m\libm.a(lib_a-e_asin.o)
 .ARM.attributes
                0x000005dc       0x2e c:/program files (x86)/gnu tools arm embedded/4.8 2013q4/bin/../lib/gcc/arm-none-eabi/4.8.3/../../../../arm-none-eabi/lib/armv7e-m\libm.a(lib_a-e_atan2.o)
 .ARM.attributes
                0x0000060a       0x2e c:/program files (x86)/gnu tools arm embedded/4.8 2013q4/bin/../lib/gcc/arm-none-eabi/4.8.3/../../../../arm-none-eabi/lib/armv7e-m\libm.a(lib_a-e_rem_pio2.o)
 .ARM.attributes
                0x00000638       0x2e c:/program files (x86)/gnu tools arm embedded/4.8 2013q4/bin/../lib/gcc/arm-none-eabi/4.8.3/../../../../arm-none-eabi/lib/armv7e-m\libm.a(lib_a-e_sqrt.o)
 .ARM.attributes
                0x00000666       0x2e c:/program files (x86)/gnu tools arm embedded/4.8 2013q4/bin/../lib/gcc/arm-none-eabi/4.8.3/../../../../arm-none-eabi/lib/armv7e-m\libm.a(lib_a-k_cos.o)
 .ARM.attributes
                0x00000694       0x2e c:/program files (x86)/gnu tools arm embedded/4.8 2013q4/bin/../lib/gcc/arm-none-eabi/4.8.3/../../../../arm-none-eabi/lib/armv7e-m\libm.a(lib_a-k_rem_pio2.o)
 .ARM.attributes
                0x000006c2       0x2e c:/program files (x86)/gnu tools arm embedded/4.8 2013q4/bin/../lib/gcc/arm-none-eabi/4.8.3/../../../../arm-none-eabi/lib/armv7e-m\libm.a(lib_a-k_sin.o)
 .ARM.attributes
                0x000006f0       0x2e c:/program files (x86)/gnu tools arm embedded/4.8 2013q4/bin/../lib/gcc/arm-none-eabi/4.8.3/../../../../arm-none-eabi/lib/armv7e-m\libm.a(lib_a-s_atan.o)
 .ARM.attributes
                0x0000071e       0x2e c:/program files (x86)/gnu tools arm embedded/4.8 2013q4/bin/../lib/gcc/arm-none-eabi/4.8.3/../../../../arm-none-eabi/lib/armv7e-m\libm.a(lib_a-s_fabs.o)
 .ARM.attributes
                0x0000074c       0x2e c:/program files (x86)/gnu tools arm embedded/4.8 2013q4/bin/../lib/gcc/arm-none-eabi/4.8.3/../../../../arm-none-eabi/lib/armv7e-m\libm.a(lib_a-s_floor.o)
 .ARM.attributes
                0x0000077a       0x2e c:/program files (x86)/gnu tools arm embedded/4.8 2013q4/bin/../lib/gcc/arm-none-eabi/4.8.3/../../../../arm-none-eabi/lib/armv7e-m\libm.a(lib_a-s_fpclassify.o)
 .ARM.attributes
                0x000007a8       0x2e c:/program files (x86)/gnu tools arm embedded/4.8 2013q4/bin/../lib/gcc/arm-none-eabi/4.8.3/../../../../arm-none-eabi/lib/armv7e-m\libm.a(lib_a-s_lib_ver.o)
 .ARM.attributes
                0x000007d6       0x2e c:/program files (x86)/gnu tools arm embedded/4.8 2013q4/bin/../lib/gcc/arm-none-eabi/4.8.3/../../../../arm-none-eabi/lib/armv7e-m\libm.a(lib_a-s_matherr.o)
 .ARM.attributes
                0x00000804       0x2e c:/program files (x86)/gnu tools arm embedded/4.8 2013q4/bin/../lib/gcc/arm-none-eabi/4.8.3/../../../../arm-none-eabi/lib/armv7e-m\libm.a(lib_a-s_nan.o)
 .ARM.attributes
                0x00000832       0x2e c:/program files (x86)/gnu tools arm embedded/4.8 2013q4/bin/../lib/gcc/arm-none-eabi/4.8.3/../../../../arm-none-eabi/lib/armv7e-m\libm.a(lib_a-s_scalbn.o)
 .ARM.attributes
                0x00000860       0x2e c:/program files (x86)/gnu tools arm embedded/4.8 2013q4/bin/../lib/gcc/arm-none-eabi/4.8.3/../../../../arm-none-eabi/lib/armv7e-m\libm.a(lib_a-s_copysign.o)
 .ARM.attributes
                0x0000088e       0x1e c:/program files (x86)/gnu tools arm embedded/4.8 2013q4/bin/../lib/gcc/arm-none-eabi/4.8.3/armv7e-m\libgcc.a(_arm_addsubdf3.o)
 .ARM.attributes
                0x000008ac       0x1e c:/program files (x86)/gnu tools arm embedded/4.8 2013q4/bin/../lib/gcc/arm-none-eabi/4.8.3/armv7e-m\libgcc.a(_arm_muldivdf3.o)
 .ARM.attributes
                0x000008ca       0x1e c:/program files (x86)/gnu tools arm embedded/4.8 2013q4/bin/../lib/gcc/arm-none-eabi/4.8.3/armv7e-m\libgcc.a(_arm_cmpdf2.o)
 .ARM.attributes
                0x000008e8       0x1e c:/program files (x86)/gnu tools arm embedded/4.8 2013q4/bin/../lib/gcc/arm-none-eabi/4.8.3/armv7e-m\libgcc.a(_arm_fixdfsi.o)
 .ARM.attributes
                0x00000906       0x1e c:/program files (x86)/gnu tools arm embedded/4.8 2013q4/bin/../lib/gcc/arm-none-eabi/4.8.3/armv7e-m\libgcc.a(_arm_truncdfsf2.o)
 .ARM.attributes
                0x00000924       0x1e c:/program files (x86)/gnu tools arm embedded/4.8 2013q4/bin/../lib/gcc/arm-none-eabi/4.8.3/armv7e-m\libgcc.a(_arm_addsubsf3.o)
 .ARM.attributes
                0x00000942       0x1e c:/program files (x86)/gnu tools arm embedded/4.8 2013q4/bin/../lib/gcc/arm-none-eabi/4.8.3/armv7e-m\libgcc.a(_arm_muldivsf3.o)
 .ARM.attributes
                0x00000960       0x2e c:/program files (x86)/gnu tools arm embedded/4.8 2013q4/bin/../lib/gcc/arm-none-eabi/4.8.3/../../../../arm-none-eabi/lib/armv7e-m\libg.a(lib_a-abs.o)
 .ARM.attributes
                0x0000098e       0x2e c:/program files (x86)/gnu tools arm embedded/4.8 2013q4/bin/../lib/gcc/arm-none-eabi/4.8.3/../../../../arm-none-eabi/lib/armv7e-m\libg.a(lib_a-errno.o)
 .ARM.attributes
                0x000009bc       0x2e c:/program files (x86)/gnu tools arm embedded/4.8 2013q4/bin/../lib/gcc/arm-none-eabi/4.8.3/../../../../arm-none-eabi/lib/armv7e-m\libg.a(lib_a-impure.o)
 .ARM.attributes
                0x000009ea       0x2e c:/program files (x86)/gnu tools arm embedded/4.8 2013q4/bin/../lib/gcc/arm-none-eabi/4.8.3/../../../../arm-none-eabi/lib/armv7e-m\libg.a(lib_a-sprintf.o)
 .ARM.attributes
                0x00000a18       0x2e c:/program files (x86)/gnu tools arm embedded/4.8 2013q4/bin/../lib/gcc/arm-none-eabi/4.8.3/../../../../arm-none-eabi/lib/armv7e-m\libg.a(lib_a-svfprintf.o)
 .ARM.attributes
                0x00000a46       0x2e c:/program files (x86)/gnu tools arm embedded/4.8 2013q4/bin/../lib/gcc/arm-none-eabi/4.8.3/../../../../arm-none-eabi/lib/armv7e-m\libg.a(lib_a-dtoa.o)
 .ARM.attributes
                0x00000a74       0x2e c:/program files (x86)/gnu tools arm embedded/4.8 2013q4/bin/../lib/gcc/arm-none-eabi/4.8.3/../../../../arm-none-eabi/lib/armv7e-m\libg.a(lib_a-locale.o)
 .ARM.attributes
                0x00000aa2       0x2e c:/program files (x86)/gnu tools arm embedded/4.8 2013q4/bin/../lib/gcc/arm-none-eabi/4.8.3/../../../../arm-none-eabi/lib/armv7e-m\libg.a(lib_a-mallocr.o)
 .ARM.attributes
                0x00000ad0       0x2e c:/program files (x86)/gnu tools arm embedded/4.8 2013q4/bin/../lib/gcc/arm-none-eabi/4.8.3/../../../../arm-none-eabi/lib/armv7e-m\libg.a(lib_a-memchr-stub.o)
 .ARM.attributes
                0x00000afe       0x1c c:/program files (x86)/gnu tools arm embedded/4.8 2013q4/bin/../lib/gcc/arm-none-eabi/4.8.3/../../../../arm-none-eabi/lib/armv7e-m\libg.a(lib_a-memcpy.o)
 .ARM.attributes
                0x00000b1a       0x2e c:/program files (x86)/gnu tools arm embedded/4.8 2013q4/bin/../lib/gcc/arm-none-eabi/4.8.3/../../../../arm-none-eabi/lib/armv7e-m\libg.a(lib_a-mlock.o)
 .ARM.attributes
                0x00000b48       0x2e c:/program files (x86)/gnu tools arm embedded/4.8 2013q4/bin/../lib/gcc/arm-none-eabi/4.8.3/../../../../arm-none-eabi/lib/armv7e-m\libg.a(lib_a-mprec.o)
 .ARM.attributes
                0x00000b76       0x2e c:/program files (x86)/gnu tools arm embedded/4.8 2013q4/bin/../lib/gcc/arm-none-eabi/4.8.3/../../../../arm-none-eabi/lib/armv7e-m\libg.a(lib_a-sbrkr.o)
 .ARM.attributes
                0x00000ba4       0x2e c:/program files (x86)/gnu tools arm embedded/4.8 2013q4/bin/../lib/gcc/arm-none-eabi/4.8.3/../../../../arm-none-eabi/lib/armv7e-m\libg.a(lib_a-strlen.o)
 .ARM.attributes
                0x00000bd2       0x2e c:/program files (x86)/gnu tools arm embedded/4.8 2013q4/bin/../lib/gcc/arm-none-eabi/4.8.3/../../../../arm-none-eabi/lib/armv7e-m\libg.a(lib_a-svfiprintf.o)
 .ARM.attributes
                0x00000c00       0x2e c:/program files (x86)/gnu tools arm embedded/4.8 2013q4/bin/../lib/gcc/arm-none-eabi/4.8.3/../../../../arm-none-eabi/lib/armv7e-m\libg.a(lib_a-callocr.o)
 .ARM.attributes
                0x00000c2e       0x2e c:/program files (x86)/gnu tools arm embedded/4.8 2013q4/bin/../lib/gcc/arm-none-eabi/4.8.3/../../../../arm-none-eabi/lib/armv7e-m\libg.a(lib_a-freer.o)
 .ARM.attributes
                0x00000c5c       0x2e c:/program files (x86)/gnu tools arm embedded/4.8 2013q4/bin/../lib/gcc/arm-none-eabi/4.8.3/../../../../arm-none-eabi/lib/armv7e-m\libg.a(lib_a-memmove.o)
 .ARM.attributes
                0x00000c8a       0x2e c:/program files (x86)/gnu tools arm embedded/4.8 2013q4/bin/../lib/gcc/arm-none-eabi/4.8.3/../../../../arm-none-eabi/lib/armv7e-m\libg.a(lib_a-memset.o)
 .ARM.attributes
                0x00000cb8       0x2e c:/program files (x86)/gnu tools arm embedded/4.8 2013q4/bin/../lib/gcc/arm-none-eabi/4.8.3/../../../../arm-none-eabi/lib/armv7e-m\libg.a(lib_a-reallocr.o)
 .ARM.attributes
                0x00000ce6       0x2e c:/program files (x86)/gnu tools arm embedded/4.8 2013q4/bin/../lib/gcc/arm-none-eabi/4.8.3/../../../../arm-none-eabi/lib/armv7e-m\libg.a(lib_a-reent.o)
 .ARM.attributes
                0x00000d14       0x1e c:/program files (x86)/gnu tools arm embedded/4.8 2013q4/bin/../lib/gcc/arm-none-eabi/4.8.3/armv7e-m\libgcc.a(_aeabi_uldivmod.o)
 .ARM.attributes
                0x00000d32       0x2e c:/program files (x86)/gnu tools arm embedded/4.8 2013q4/bin/../lib/gcc/arm-none-eabi/4.8.3/armv7e-m\libgcc.a(bpabi.o)
 .ARM.attributes
                0x00000d60       0x1e c:/program files (x86)/gnu tools arm embedded/4.8 2013q4/bin/../lib/gcc/arm-none-eabi/4.8.3/armv7e-m\libgcc.a(_dvmd_tls.o)
 .ARM.attributes
                0x00000d7e       0x2e c:/program files (x86)/gnu tools arm embedded/4.8 2013q4/bin/../lib/gcc/arm-none-eabi/4.8.3/armv7e-m\libgcc.a(_divdi3.o)
 .ARM.attributes
                0x00000dac       0x2e c:/program files (x86)/gnu tools arm embedded/4.8 2013q4/bin/../lib/gcc/arm-none-eabi/4.8.3/armv7e-m\libgcc.a(_udivdi3.o)

.debug_frame    0x00000000     0x37b8
 .debug_frame   0x00000000      0x434 ..\obj\usb_core.o
 .debug_frame   0x00000434       0xbc ..\obj\usbd_usr.o
 .debug_frame   0x000004f0      0x160 ..\obj\PololuAHRS.o
 .debug_frame   0x00000650       0x48 ..\obj\startup_stm32f4xx.o
 .debug_frame   0x00000698      0x1ac ..\obj\usbd_core.o
 .debug_frame   0x00000844       0xb0 ..\obj\main.o
 .debug_frame   0x000008f4      0x4d8 ..\obj\stm32f4xx_rcc.o
 .debug_frame   0x00000dcc      0x16c ..\obj\minIMU.o
 .debug_frame   0x00000f38       0xe8 ..\obj\usbd_desc.o
 .debug_frame   0x00001020      0x19c ..\obj\stm32f4xx_gpio.o
 .debug_frame   0x000011bc      0x144 ..\obj\usbd_cdc_vcp.o
 .debug_frame   0x00001300       0x64 ..\obj\system_stm32f4xx.o
 .debug_frame   0x00001364      0x108 ..\obj\syscalls.o
 .debug_frame   0x0000146c       0xc4 ..\obj\usb_bsp.o
 .debug_frame   0x00001530      0x1c8 ..\obj\usbd_req.o
 .debug_frame   0x000016f8      0x1ac ..\obj\usb_dcd_int.o
 .debug_frame   0x000018a4      0x12c ..\obj\usbd_cdc_core.o
 .debug_frame   0x000019d0       0xc0 ..\obj\millis_micros.o
 .debug_frame   0x00001a90      0x3b4 ..\obj\stm32f4xx_i2c.o
 .debug_frame   0x00001e44       0xec ..\obj\stm32f4xx_exti.o
 .debug_frame   0x00001f30       0x9c ..\obj\misc.o
 .debug_frame   0x00001fcc      0x1ac ..\obj\usb_dcd.o
 .debug_frame   0x00002178       0xec ..\obj\usbd_ioreq.o
 .debug_frame   0x00002264      0xa3c ..\obj\stm32f4xx_tim.o
 .debug_frame   0x00002ca0       0x30 c:/program files (x86)/gnu tools arm embedded/4.8 2013q4/bin/../lib/gcc/arm-none-eabi/4.8.3/../../../../arm-none-eabi/lib/armv7e-m\libm.a(lib_a-s_cos.o)
 .debug_frame   0x00002cd0       0x30 c:/program files (x86)/gnu tools arm embedded/4.8 2013q4/bin/../lib/gcc/arm-none-eabi/4.8.3/../../../../arm-none-eabi/lib/armv7e-m\libm.a(lib_a-s_sin.o)
 .debug_frame   0x00002d00       0x34 c:/program files (x86)/gnu tools arm embedded/4.8 2013q4/bin/../lib/gcc/arm-none-eabi/4.8.3/../../../../arm-none-eabi/lib/armv7e-m\libm.a(lib_a-w_asin.o)
 .debug_frame   0x00002d34       0x20 c:/program files (x86)/gnu tools arm embedded/4.8 2013q4/bin/../lib/gcc/arm-none-eabi/4.8.3/../../../../arm-none-eabi/lib/armv7e-m\libm.a(lib_a-w_atan2.o)
 .debug_frame   0x00002d54       0x38 c:/program files (x86)/gnu tools arm embedded/4.8 2013q4/bin/../lib/gcc/arm-none-eabi/4.8.3/../../../../arm-none-eabi/lib/armv7e-m\libm.a(lib_a-w_sqrt.o)
 .debug_frame   0x00002d8c       0x38 c:/program files (x86)/gnu tools arm embedded/4.8 2013q4/bin/../lib/gcc/arm-none-eabi/4.8.3/../../../../arm-none-eabi/lib/armv7e-m\libm.a(lib_a-e_asin.o)
 .debug_frame   0x00002dc4       0x38 c:/program files (x86)/gnu tools arm embedded/4.8 2013q4/bin/../lib/gcc/arm-none-eabi/4.8.3/../../../../arm-none-eabi/lib/armv7e-m\libm.a(lib_a-e_atan2.o)
 .debug_frame   0x00002dfc       0x38 c:/program files (x86)/gnu tools arm embedded/4.8 2013q4/bin/../lib/gcc/arm-none-eabi/4.8.3/../../../../arm-none-eabi/lib/armv7e-m\libm.a(lib_a-e_rem_pio2.o)
 .debug_frame   0x00002e34       0x34 c:/program files (x86)/gnu tools arm embedded/4.8 2013q4/bin/../lib/gcc/arm-none-eabi/4.8.3/../../../../arm-none-eabi/lib/armv7e-m\libm.a(lib_a-e_sqrt.o)
 .debug_frame   0x00002e68       0x38 c:/program files (x86)/gnu tools arm embedded/4.8 2013q4/bin/../lib/gcc/arm-none-eabi/4.8.3/../../../../arm-none-eabi/lib/armv7e-m\libm.a(lib_a-k_cos.o)
 .debug_frame   0x00002ea0       0x3c c:/program files (x86)/gnu tools arm embedded/4.8 2013q4/bin/../lib/gcc/arm-none-eabi/4.8.3/../../../../arm-none-eabi/lib/armv7e-m\libm.a(lib_a-k_rem_pio2.o)
 .debug_frame   0x00002edc       0x38 c:/program files (x86)/gnu tools arm embedded/4.8 2013q4/bin/../lib/gcc/arm-none-eabi/4.8.3/../../../../arm-none-eabi/lib/armv7e-m\libm.a(lib_a-k_sin.o)
 .debug_frame   0x00002f14       0x38 c:/program files (x86)/gnu tools arm embedded/4.8 2013q4/bin/../lib/gcc/arm-none-eabi/4.8.3/../../../../arm-none-eabi/lib/armv7e-m\libm.a(lib_a-s_atan.o)
 .debug_frame   0x00002f4c       0x20 c:/program files (x86)/gnu tools arm embedded/4.8 2013q4/bin/../lib/gcc/arm-none-eabi/4.8.3/../../../../arm-none-eabi/lib/armv7e-m\libm.a(lib_a-s_fabs.o)
 .debug_frame   0x00002f6c       0x38 c:/program files (x86)/gnu tools arm embedded/4.8 2013q4/bin/../lib/gcc/arm-none-eabi/4.8.3/../../../../arm-none-eabi/lib/armv7e-m\libm.a(lib_a-s_floor.o)
 .debug_frame   0x00002fa4       0x28 c:/program files (x86)/gnu tools arm embedded/4.8 2013q4/bin/../lib/gcc/arm-none-eabi/4.8.3/../../../../arm-none-eabi/lib/armv7e-m\libm.a(lib_a-s_fpclassify.o)
 .debug_frame   0x00002fcc       0x20 c:/program files (x86)/gnu tools arm embedded/4.8 2013q4/bin/../lib/gcc/arm-none-eabi/4.8.3/../../../../arm-none-eabi/lib/armv7e-m\libm.a(lib_a-s_matherr.o)
 .debug_frame   0x00002fec       0x20 c:/program files (x86)/gnu tools arm embedded/4.8 2013q4/bin/../lib/gcc/arm-none-eabi/4.8.3/../../../../arm-none-eabi/lib/armv7e-m\libm.a(lib_a-s_nan.o)
 .debug_frame   0x0000300c       0x30 c:/program files (x86)/gnu tools arm embedded/4.8 2013q4/bin/../lib/gcc/arm-none-eabi/4.8.3/../../../../arm-none-eabi/lib/armv7e-m\libm.a(lib_a-s_scalbn.o)